******************************************************************************
                  TI ARM Linker PC v5.2.5                      
******************************************************************************
>> Linked Mon Mar 07 15:49:40 2016

OUTPUT FILE NAME:   <lab3.out>
ENTRY POINT SYMBOL: "_c_int00"  address: 00000741


MEMORY CONFIGURATION

         name            origin    length      used     unused   attr    fill
----------------------  --------  ---------  --------  --------  ----  --------
  FLASH                 00000000   00040000  0000092c  0003f6d4  R  X
  SRAM                  20000000   00008000  00000215  00007deb  RW X


SEGMENT ALLOCATION MAP

run origin  load origin   length   init length attrs members
----------  ----------- ---------- ----------- ----- -------
00000000    00000000    00000930   00000930    r-x
  00000000    00000000    0000026c   0000026c    r-- .intvecs
  0000026c    0000026c    000006a0   000006a0    r-x .text
  00000910    00000910    00000020   00000020    r-- .cinit
20000000    20000000    00000215   00000000    rw-
  20000000    20000000    00000200   00000000    rw- .stack
  20000200    20000200    00000015   00000000    rw- .data


SECTION ALLOCATION MAP

 output                                  attributes/
section   page    origin      length       input sections
--------  ----  ----------  ----------   ----------------
.intvecs   0    00000000    0000026c     
                  00000000    0000026c     tm4c123gh6pm_startup_ccs.obj (.intvecs)

.text      0    0000026c    000006a0     
                  0000026c    00000130     driverlib.lib : gpio.obj (.text:GPIOPadConfigSet)
                  0000039c    000000f0                   : sysctl.obj (.text:SysCtlClockSet)
                  0000048c    000000c4     main.obj (.text)
                  00000550    0000009c     rtsv7M4_T_le_v4SPD16_eabi.lib : memcpy_t2.obj (.text)
                  000005ec    0000007a                                   : memset_t2.obj (.text)
                  00000666    00000002     --HOLE-- [fill = 0]
                  00000668    0000006c                                   : autoinit.obj (.text)
                  000006d4    0000006a                                   : copy_decompress_rle.obj (.text)
                  0000073e    00000002     --HOLE-- [fill = 0]
                  00000740    00000050                                   : boot.obj (.text)
                  00000790    0000004c                                   : cpy_tbl.obj (.text)
                  000007dc    00000044                                   : exit.obj (.text)
                  00000820    00000034     driverlib.lib : sysctl.obj (.text:SysCtlPeripheralEnable)
                  00000854    0000002a                   : gpio.obj (.text:GPIODirModeSet)
                  0000087e    00000018                   : gpio.obj (.text:GPIOPinTypeGPIOOutput)
                  00000896    00000002     --HOLE-- [fill = 0]
                  00000898    00000018     rtsv7M4_T_le_v4SPD16_eabi.lib : args_main.obj (.text)
                  000008b0    00000014                                   : _lock.obj (.text)
                  000008c4    00000012     driverlib.lib : gpio.obj (.text:GPIOPinTypeGPIOInput)
                  000008d6    0000000e     rtsv7M4_T_le_v4SPD16_eabi.lib : copy_decompress_none.obj (.text:decompress:none)
                  000008e4    0000000c     tm4c123gh6pm_startup_ccs.obj (.text)
                  000008f0    00000006     driverlib.lib : gpio.obj (.text:GPIOPinRead)
                  000008f6    00000006                   : gpio.obj (.text:GPIOPinWrite)
                  000008fc    00000006                   : sysctl.obj (.text:SysCtlDelay)
                  00000902    00000006     rtsv7M4_T_le_v4SPD16_eabi.lib : copy_decompress_rle.obj (.text:decompress:rle24)
                  00000908    00000004                                   : pre_init.obj (.text)

.cinit     0    00000910    00000020     
                  00000910    00000010     (.cinit..data.load) [load image, compression = rle]
                  00000920    00000008     (__TI_handler_table)
                  00000928    00000008     (__TI_cinit_table)

.init_array 
*          0    00000000    00000000     UNINITIALIZED

.stack     0    20000000    00000200     UNINITIALIZED
                  20000000    00000200     --HOLE--

.data      0    20000200    00000015     UNINITIALIZED
                  20000200    00000008     rtsv7M4_T_le_v4SPD16_eabi.lib : _lock.obj (.data)
                  20000208    00000008                                   : exit.obj (.data)
                  20000210    00000004                                   : stkdepth_vars.obj (.data)
                  20000214    00000001     main.obj (.data)

.TI.persistent 
*          0    20000200    00000000     UNINITIALIZED


LINKER GENERATED COPY TABLES

__TI_cinit_table @ 00000928 records: 1, size/record: 8, table size: 8
	.data: load addr=00000910, load size=00000010 bytes, run addr=20000200, run size=00000015 bytes, compression=rle


LINKER GENERATED HANDLER TABLE

__TI_handler_table @ 00000920 records: 2, size/record: 4, table size: 8
	index: 0, handler: __TI_decompress_rle24
	index: 1, handler: __TI_decompress_none


GLOBAL SYMBOLS: SORTED ALPHABETICALLY BY Name 

address   name                    
-------   ----                    
000007dd  C$$EXIT                 
00000855  GPIODirModeSet          
0000026d  GPIOPadConfigSet        
000008f1  GPIOPinRead             
000008c5  GPIOPinTypeGPIOInput    
0000087f  GPIOPinTypeGPIOOutput   
000008f7  GPIOPinWrite            
000008e5  ResetISR                
UNDEFED   SHT$$INIT_ARRAY$$Base   
UNDEFED   SHT$$INIT_ARRAY$$Limit  
0000039d  SysCtlClockSet          
000008fd  SysCtlDelay             
00000821  SysCtlPeripheralEnable  
20000200  __STACK_END             
00000200  __STACK_SIZE            
20000200  __STACK_TOP             
00000928  __TI_CINIT_Base         
00000930  __TI_CINIT_Limit        
00000920  __TI_Handler_Table_Base 
00000928  __TI_Handler_Table_Limit
00000669  __TI_auto_init          
20000208  __TI_cleanup_ptr        
000008d7  __TI_decompress_none    
00000903  __TI_decompress_rle24   
2000020c  __TI_dtors_ptr          
00000000  __TI_static_base__      
000005ed  __aeabi_memclr          
000005ed  __aeabi_memclr4         
000005ed  __aeabi_memclr8         
00000551  __aeabi_memcpy          
00000551  __aeabi_memcpy4         
00000551  __aeabi_memcpy8         
000005ef  __aeabi_memset          
000005ef  __aeabi_memset4         
000005ef  __aeabi_memset8         
ffffffff  __binit__               
ffffffff  __c_args__              
20000000  __stack                 
00000899  _args_main              
00000741  _c_int00                
20000200  _lock                   
000008bf  _nop                    
000008b7  _register_lock          
000008b1  _register_unlock        
00000909  _system_pre_init        
20000204  _unlock                 
000007e1  abort                   
ffffffff  binit                   
00000791  copy_in                 
000007e9  exit                    
00000000  g_pfnVectors            
0000048d  main                    
20000210  main_func_sp            
00000551  memcpy                  
000005f5  memset                  
20000214  ui8PinData              


GLOBAL SYMBOLS: SORTED BY Symbol Address 

address   name                    
-------   ----                    
00000000  __TI_static_base__      
00000000  g_pfnVectors            
00000200  __STACK_SIZE            
0000026d  GPIOPadConfigSet        
0000039d  SysCtlClockSet          
0000048d  main                    
00000551  __aeabi_memcpy          
00000551  __aeabi_memcpy4         
00000551  __aeabi_memcpy8         
00000551  memcpy                  
000005ed  __aeabi_memclr          
000005ed  __aeabi_memclr4         
000005ed  __aeabi_memclr8         
000005ef  __aeabi_memset          
000005ef  __aeabi_memset4         
000005ef  __aeabi_memset8         
000005f5  memset                  
00000669  __TI_auto_init          
00000741  _c_int00                
00000791  copy_in                 
000007dd  C$$EXIT                 
000007e1  abort                   
000007e9  exit                    
00000821  SysCtlPeripheralEnable  
00000855  GPIODirModeSet          
0000087f  GPIOPinTypeGPIOOutput   
00000899  _args_main              
000008b1  _register_unlock        
000008b7  _register_lock          
000008bf  _nop                    
000008c5  GPIOPinTypeGPIOInput    
000008d7  __TI_decompress_none    
000008e5  ResetISR                
000008f1  GPIOPinRead             
000008f7  GPIOPinWrite            
000008fd  SysCtlDelay             
00000903  __TI_decompress_rle24   
00000909  _system_pre_init        
00000920  __TI_Handler_Table_Base 
00000928  __TI_CINIT_Base         
00000928  __TI_Handler_Table_Limit
00000930  __TI_CINIT_Limit        
20000000  __stack                 
20000200  __STACK_END             
20000200  __STACK_TOP             
20000200  _lock                   
20000204  _unlock                 
20000208  __TI_cleanup_ptr        
2000020c  __TI_dtors_ptr          
20000210  main_func_sp            
20000214  ui8PinData              
ffffffff  __binit__               
ffffffff  __c_args__              
ffffffff  binit                   
UNDEFED   SHT$$INIT_ARRAY$$Base   
UNDEFED   SHT$$INIT_ARRAY$$Limit  

[56 symbols]
