******************************************************************************
                  TI ARM Linker PC v5.2.5                      
******************************************************************************
>> Linked Sun Nov 29 01:35:26 2015

OUTPUT FILE NAME:   <lab4.out>
ENTRY POINT SYMBOL: "_c_int00"  address: 000008ed


MEMORY CONFIGURATION

         name            origin    length      used     unused   attr    fill
----------------------  --------  ---------  --------  --------  ----  --------
  FLASH                 00000000   00040000  00000bea  0003f416  R  X
  SRAM                  20000000   00008000  00000078  00007f88  RW X


SEGMENT ALLOCATION MAP

run origin  load origin   length   init length attrs members
----------  ----------- ---------- ----------- ----- -------
00000000    00000000    00000bf0   00000bf0    r-x
  00000000    00000000    0000026c   0000026c    r-- .intvecs
  0000026c    0000026c    00000882   00000882    r-x .text
  00000af0    00000af0    000000dc   000000dc    r-- .const
  00000bd0    00000bd0    00000020   00000020    r-- .cinit
20000000    20000000    00000078   00000000    rw-
  20000000    20000000    00000064   00000000    rw- .stack
  20000064    20000064    00000014   00000000    rw- .data


SECTION ALLOCATION MAP

 output                                  attributes/
section   page    origin      length       input sections
--------  ----  ----------  ----------   ----------------
.intvecs   0    00000000    0000026c     
                  00000000    0000026c     tm4c123gh6pm_startup_ccs.obj (.intvecs)

.text      0    0000026c    00000882     
                  0000026c    00000130     driverlib.lib : gpio.obj (.text:GPIOPadConfigSet)
                  0000039c    0000010c                   : sysctl.obj (.text:SysCtlClockGet)
                  000004a8    000000f0                   : sysctl.obj (.text:SysCtlClockSet)
                  00000598    0000009c     main.obj (.text)
                  00000634    0000009c     rtsv7M4_T_le_v4SPD16_eabi.lib : memcpy_t2.obj (.text)
                  000006d0    0000007a                                   : memset_t2.obj (.text)
                  0000074a    00000002     --HOLE-- [fill = 0]
                  0000074c    0000006c                                   : autoinit.obj (.text)
                  000007b8    0000006a                                   : copy_decompress_rle.obj (.text)
                  00000822    00000002     --HOLE-- [fill = 0]
                  00000824    00000068     driverlib.lib : interrupt.obj (.text:IntEnable)
                  0000088c    00000060                   : timer.obj (.text:TimerConfigure)
                  000008ec    00000050     rtsv7M4_T_le_v4SPD16_eabi.lib : boot.obj (.text)
                  0000093c    0000004c                                   : cpy_tbl.obj (.text)
                  00000988    00000044                                   : exit.obj (.text)
                  000009cc    00000034     driverlib.lib : sysctl.obj (.text:SysCtlPeripheralEnable)
                  00000a00    0000002a                   : gpio.obj (.text:GPIODirModeSet)
                  00000a2a    00000018                   : gpio.obj (.text:GPIOPinTypeGPIOOutput)
                  00000a42    00000002     --HOLE-- [fill = 0]
                  00000a44    00000018     rtsv7M4_T_le_v4SPD16_eabi.lib : args_main.obj (.text)
                  00000a5c    00000014                                   : _lock.obj (.text)
                  00000a70    00000012     driverlib.lib : timer.obj (.text:TimerLoadSet)
                  00000a82    00000010                   : interrupt.obj (.text:IntMasterEnable)
                  00000a92    0000000e                   : timer.obj (.text:TimerEnable)
                  00000aa0    0000000e     rtsv7M4_T_le_v4SPD16_eabi.lib : copy_decompress_none.obj (.text:decompress:none)
                  00000aae    0000000c     driverlib.lib : cpu.obj (.text:CPUcpsie)
                  00000aba    0000000c     tm4c123gh6pm_startup_ccs.obj (.text)
                  00000ac6    00000008     driverlib.lib : timer.obj (.text:TimerIntEnable)
                  00000ace    00000006                   : gpio.obj (.text:GPIOPinRead)
                  00000ad4    00000006                   : gpio.obj (.text:GPIOPinWrite)
                  00000ada    00000006                   : sysctl.obj (.text:SysCtlDelay)
                  00000ae0    00000006     rtsv7M4_T_le_v4SPD16_eabi.lib : copy_decompress_rle.obj (.text:decompress:rle24)
                  00000ae6    00000004     driverlib.lib : timer.obj (.text:TimerIntClear)
                  00000aea    00000004     rtsv7M4_T_le_v4SPD16_eabi.lib : pre_init.obj (.text)

.const     0    00000af0    000000dc     
                  00000af0    00000070     driverlib.lib : interrupt.obj (.const)
                  00000b60    0000006c                   : sysctl.obj (.const:g_pui32Xtals)

.cinit     0    00000bd0    00000020     
                  00000bd0    0000000f     (.cinit..data.load) [load image, compression = rle]
                  00000bdf    00000001     --HOLE-- [fill = 0]
                  00000be0    00000008     (__TI_handler_table)
                  00000be8    00000008     (__TI_cinit_table)

.init_array 
*          0    00000000    00000000     UNINITIALIZED

.stack     0    20000000    00000064     UNINITIALIZED
                  20000000    00000064     --HOLE--

.data      0    20000064    00000014     UNINITIALIZED
                  20000064    00000008     rtsv7M4_T_le_v4SPD16_eabi.lib : _lock.obj (.data)
                  2000006c    00000008                                   : exit.obj (.data)
                  20000074    00000004                                   : stkdepth_vars.obj (.data)

.TI.persistent 
*          0    20000064    00000000     UNINITIALIZED


LINKER GENERATED COPY TABLES

__TI_cinit_table @ 00000be8 records: 1, size/record: 8, table size: 8
	.data: load addr=00000bd0, load size=0000000f bytes, run addr=20000064, run size=00000014 bytes, compression=rle


LINKER GENERATED HANDLER TABLE

__TI_handler_table @ 00000be0 records: 2, size/record: 4, table size: 8
	index: 0, handler: __TI_decompress_rle24
	index: 1, handler: __TI_decompress_none


GLOBAL SYMBOLS: SORTED ALPHABETICALLY BY Name 

address   name                    
-------   ----                    
00000989  C$$EXIT                 
00000aaf  CPUcpsie                
00000a01  GPIODirModeSet          
0000026d  GPIOPadConfigSet        
00000acf  GPIOPinRead             
00000a2b  GPIOPinTypeGPIOOutput   
00000ad5  GPIOPinWrite            
00000825  IntEnable               
00000a83  IntMasterEnable         
00000abb  ResetISR                
UNDEFED   SHT$$INIT_ARRAY$$Base   
UNDEFED   SHT$$INIT_ARRAY$$Limit  
0000039d  SysCtlClockGet          
000004a9  SysCtlClockSet          
00000adb  SysCtlDelay             
000009cd  SysCtlPeripheralEnable  
000005f3  Timer0IntHandler        
0000088d  TimerConfigure          
00000a93  TimerEnable             
00000ae7  TimerIntClear           
00000ac7  TimerIntEnable          
00000a71  TimerLoadSet            
20000064  __STACK_END             
00000064  __STACK_SIZE            
20000200  __STACK_TOP             
00000be8  __TI_CINIT_Base         
00000bf0  __TI_CINIT_Limit        
00000be0  __TI_Handler_Table_Base 
00000be8  __TI_Handler_Table_Limit
0000074d  __TI_auto_init          
2000006c  __TI_cleanup_ptr        
00000aa1  __TI_decompress_none    
00000ae1  __TI_decompress_rle24   
20000070  __TI_dtors_ptr          
00000000  __TI_static_base__      
000006d1  __aeabi_memclr          
000006d1  __aeabi_memclr4         
000006d1  __aeabi_memclr8         
00000635  __aeabi_memcpy          
00000635  __aeabi_memcpy4         
00000635  __aeabi_memcpy8         
000006d3  __aeabi_memset          
000006d3  __aeabi_memset4         
000006d3  __aeabi_memset8         
ffffffff  __binit__               
ffffffff  __c_args__              
20000000  __stack                 
00000a45  _args_main              
000008ed  _c_int00                
20000064  _lock                   
00000a6b  _nop                    
00000a63  _register_lock          
00000a5d  _register_unlock        
00000aeb  _system_pre_init        
20000068  _unlock                 
0000098d  abort                   
ffffffff  binit                   
0000093d  copy_in                 
00000995  exit                    
00000000  g_pfnVectors            
00000599  main                    
20000074  main_func_sp            
00000635  memcpy                  
000006d9  memset                  


GLOBAL SYMBOLS: SORTED BY Symbol Address 

address   name                    
-------   ----                    
00000000  __TI_static_base__      
00000000  g_pfnVectors            
00000064  __STACK_SIZE            
0000026d  GPIOPadConfigSet        
0000039d  SysCtlClockGet          
000004a9  SysCtlClockSet          
00000599  main                    
000005f3  Timer0IntHandler        
00000635  __aeabi_memcpy          
00000635  __aeabi_memcpy4         
00000635  __aeabi_memcpy8         
00000635  memcpy                  
000006d1  __aeabi_memclr          
000006d1  __aeabi_memclr4         
000006d1  __aeabi_memclr8         
000006d3  __aeabi_memset          
000006d3  __aeabi_memset4         
000006d3  __aeabi_memset8         
000006d9  memset                  
0000074d  __TI_auto_init          
00000825  IntEnable               
0000088d  TimerConfigure          
000008ed  _c_int00                
0000093d  copy_in                 
00000989  C$$EXIT                 
0000098d  abort                   
00000995  exit                    
000009cd  SysCtlPeripheralEnable  
00000a01  GPIODirModeSet          
00000a2b  GPIOPinTypeGPIOOutput   
00000a45  _args_main              
00000a5d  _register_unlock        
00000a63  _register_lock          
00000a6b  _nop                    
00000a71  TimerLoadSet            
00000a83  IntMasterEnable         
00000a93  TimerEnable             
00000aa1  __TI_decompress_none    
00000aaf  CPUcpsie                
00000abb  ResetISR                
00000ac7  TimerIntEnable          
00000acf  GPIOPinRead             
00000ad5  GPIOPinWrite            
00000adb  SysCtlDelay             
00000ae1  __TI_decompress_rle24   
00000ae7  TimerIntClear           
00000aeb  _system_pre_init        
00000be0  __TI_Handler_Table_Base 
00000be8  __TI_CINIT_Base         
00000be8  __TI_Handler_Table_Limit
00000bf0  __TI_CINIT_Limit        
20000000  __stack                 
20000064  __STACK_END             
20000064  _lock                   
20000068  _unlock                 
2000006c  __TI_cleanup_ptr        
20000070  __TI_dtors_ptr          
20000074  main_func_sp            
20000200  __STACK_TOP             
ffffffff  __binit__               
ffffffff  __c_args__              
ffffffff  binit                   
UNDEFED   SHT$$INIT_ARRAY$$Base   
UNDEFED   SHT$$INIT_ARRAY$$Limit  

[64 symbols]
