******************************************************************************
                  TI ARM Linker PC v5.2.5                      
******************************************************************************
>> Linked Sun Nov 29 01:56:37 2015

OUTPUT FILE NAME:   <lab8.out>
ENTRY POINT SYMBOL: "_c_int00"  address: 000008f5


MEMORY CONFIGURATION

         name            origin    length      used     unused   attr    fill
----------------------  --------  ---------  --------  --------  ----  --------
  FLASH                 00000000   00040000  00000bec  0003f414  R  X
  SRAM                  20000000   00008000  00000078  00007f88  RW X


SEGMENT ALLOCATION MAP

run origin  load origin   length   init length attrs members
----------  ----------- ---------- ----------- ----- -------
00000000    00000000    00000bf0   00000bf0    r-x
  00000000    00000000    0000026c   0000026c    r-- .intvecs
  0000026c    0000026c    00000960   00000960    r-x .text
  00000bd0    00000bd0    00000020   00000020    r-- .cinit
20000000    20000000    00000078   00000000    rw-
  20000000    20000000    00000064   00000000    rw- .stack
  20000064    20000064    00000014   00000000    rw- .data


SECTION ALLOCATION MAP

 output                                  attributes/
section   page    origin      length       input sections
--------  ----  ----------  ----------   ----------------
.intvecs   0    00000000    0000026c     
                  00000000    0000026c     tm4c123gh6pm_startup_ccs.obj (.intvecs)

.text      0    0000026c    00000960     
                  0000026c    00000130     driverlib.lib : gpio.obj (.text:GPIOPadConfigSet)
                  0000039c    000000f0                   : sysctl.obj (.text:SysCtlClockSet)
                  0000048c    000000c4                   : eeprom.obj (.text:EEPROMProgram)
                  00000550    000000ac     main.obj (.text)
                  000005fc    0000009c     rtsv7M4_T_le_v4SPD16_eabi.lib : memcpy_t2.obj (.text)
                  00000698    0000007a                                   : memset_t2.obj (.text)
                  00000712    00000002     --HOLE-- [fill = 0]
                  00000714    0000006c                                   : autoinit.obj (.text)
                  00000780    0000006a                                   : copy_decompress_rle.obj (.text)
                  000007ea    00000002     --HOLE-- [fill = 0]
                  000007ec    00000064     driverlib.lib : flash.obj (.text:FlashProgram)
                  00000850    00000054                   : eeprom.obj (.text:EEPROMMassErase)
                  000008a4    00000050                   : sysctl.obj (.text:SysCtlPeripheralReset)
                  000008f4    00000050     rtsv7M4_T_le_v4SPD16_eabi.lib : boot.obj (.text)
                  00000944    0000004c                                   : cpy_tbl.obj (.text)
                  00000990    00000044                                   : exit.obj (.text)
                  000009d4    00000040     driverlib.lib : eeprom.obj (.text:EEPROMInit)
                  00000a14    0000003c                   : eeprom.obj (.text:_EEPROMSectorMaskSet)
                  00000a50    00000034                   : eeprom.obj (.text:EEPROMRead)
                  00000a84    00000034                   : sysctl.obj (.text:SysCtlPeripheralEnable)
                  00000ab8    00000034                   : eeprom.obj (.text:_EEPROMSectorMaskClear)
                  00000aec    00000030                   : flash.obj (.text:FlashErase)
                  00000b1c    0000002a                   : gpio.obj (.text:GPIODirModeSet)
                  00000b46    00000018                   : gpio.obj (.text:GPIOPinTypeGPIOOutput)
                  00000b5e    00000002     --HOLE-- [fill = 0]
                  00000b60    00000018     rtsv7M4_T_le_v4SPD16_eabi.lib : args_main.obj (.text)
                  00000b78    00000014                                   : _lock.obj (.text)
                  00000b8c    00000010     driverlib.lib : eeprom.obj (.text:_EEPROMWaitForDone)
                  00000b9c    0000000e     rtsv7M4_T_le_v4SPD16_eabi.lib : copy_decompress_none.obj (.text:decompress:none)
                  00000baa    0000000c     tm4c123gh6pm_startup_ccs.obj (.text)
                  00000bb6    00000006     driverlib.lib : gpio.obj (.text:GPIOPinWrite)
                  00000bbc    00000006                   : sysctl.obj (.text:SysCtlDelay)
                  00000bc2    00000006     rtsv7M4_T_le_v4SPD16_eabi.lib : copy_decompress_rle.obj (.text:decompress:rle24)
                  00000bc8    00000004                                   : pre_init.obj (.text)

.cinit     0    00000bd0    00000020     
                  00000bd0    0000000f     (.cinit..data.load) [load image, compression = rle]
                  00000bdf    00000001     --HOLE-- [fill = 0]
                  00000be0    00000008     (__TI_handler_table)
                  00000be8    00000008     (__TI_cinit_table)

.init_array 
*          0    00000000    00000000     UNINITIALIZED

.stack     0    20000000    00000064     UNINITIALIZED
                  20000000    00000064     --HOLE--

.data      0    20000064    00000014     UNINITIALIZED
                  20000064    00000008     rtsv7M4_T_le_v4SPD16_eabi.lib : _lock.obj (.data)
                  2000006c    00000008                                   : exit.obj (.data)
                  20000074    00000004                                   : stkdepth_vars.obj (.data)

.TI.persistent 
*          0    20000064    00000000     UNINITIALIZED


LINKER GENERATED COPY TABLES

__TI_cinit_table @ 00000be8 records: 1, size/record: 8, table size: 8
	.data: load addr=00000bd0, load size=0000000f bytes, run addr=20000064, run size=00000014 bytes, compression=rle


LINKER GENERATED HANDLER TABLE

__TI_handler_table @ 00000be0 records: 2, size/record: 4, table size: 8
	index: 0, handler: __TI_decompress_rle24
	index: 1, handler: __TI_decompress_none


GLOBAL SYMBOLS: SORTED ALPHABETICALLY BY Name 

address   name                    
-------   ----                    
00000991  C$$EXIT                 
000009d5  EEPROMInit              
00000851  EEPROMMassErase         
0000048d  EEPROMProgram           
00000a51  EEPROMRead              
00000aed  FlashErase              
000007ed  FlashProgram            
00000b1d  GPIODirModeSet          
0000026d  GPIOPadConfigSet        
00000b47  GPIOPinTypeGPIOOutput   
00000bb7  GPIOPinWrite            
00000bab  ResetISR                
UNDEFED   SHT$$INIT_ARRAY$$Base   
UNDEFED   SHT$$INIT_ARRAY$$Limit  
0000039d  SysCtlClockSet          
00000bbd  SysCtlDelay             
00000a85  SysCtlPeripheralEnable  
000008a5  SysCtlPeripheralReset   
20000064  __STACK_END             
00000064  __STACK_SIZE            
20000200  __STACK_TOP             
00000be8  __TI_CINIT_Base         
00000bf0  __TI_CINIT_Limit        
00000be0  __TI_Handler_Table_Base 
00000be8  __TI_Handler_Table_Limit
00000715  __TI_auto_init          
2000006c  __TI_cleanup_ptr        
00000b9d  __TI_decompress_none    
00000bc3  __TI_decompress_rle24   
20000070  __TI_dtors_ptr          
00000000  __TI_static_base__      
00000699  __aeabi_memclr          
00000699  __aeabi_memclr4         
00000699  __aeabi_memclr8         
000005fd  __aeabi_memcpy          
000005fd  __aeabi_memcpy4         
000005fd  __aeabi_memcpy8         
0000069b  __aeabi_memset          
0000069b  __aeabi_memset4         
0000069b  __aeabi_memset8         
ffffffff  __binit__               
ffffffff  __c_args__              
20000000  __stack                 
00000b61  _args_main              
000008f5  _c_int00                
20000064  _lock                   
00000b87  _nop                    
00000b7f  _register_lock          
00000b79  _register_unlock        
00000bc9  _system_pre_init        
20000068  _unlock                 
00000995  abort                   
ffffffff  binit                   
00000945  copy_in                 
0000099d  exit                    
00000000  g_pfnVectors            
00000551  main                    
20000074  main_func_sp            
000005fd  memcpy                  
000006a1  memset                  


GLOBAL SYMBOLS: SORTED BY Symbol Address 

address   name                    
-------   ----                    
00000000  __TI_static_base__      
00000000  g_pfnVectors            
00000064  __STACK_SIZE            
0000026d  GPIOPadConfigSet        
0000039d  SysCtlClockSet          
0000048d  EEPROMProgram           
00000551  main                    
000005fd  __aeabi_memcpy          
000005fd  __aeabi_memcpy4         
000005fd  __aeabi_memcpy8         
000005fd  memcpy                  
00000699  __aeabi_memclr          
00000699  __aeabi_memclr4         
00000699  __aeabi_memclr8         
0000069b  __aeabi_memset          
0000069b  __aeabi_memset4         
0000069b  __aeabi_memset8         
000006a1  memset                  
00000715  __TI_auto_init          
000007ed  FlashProgram            
00000851  EEPROMMassErase         
000008a5  SysCtlPeripheralReset   
000008f5  _c_int00                
00000945  copy_in                 
00000991  C$$EXIT                 
00000995  abort                   
0000099d  exit                    
000009d5  EEPROMInit              
00000a51  EEPROMRead              
00000a85  SysCtlPeripheralEnable  
00000aed  FlashErase              
00000b1d  GPIODirModeSet          
00000b47  GPIOPinTypeGPIOOutput   
00000b61  _args_main              
00000b79  _register_unlock        
00000b7f  _register_lock          
00000b87  _nop                    
00000b9d  __TI_decompress_none    
00000bab  ResetISR                
00000bb7  GPIOPinWrite            
00000bbd  SysCtlDelay             
00000bc3  __TI_decompress_rle24   
00000bc9  _system_pre_init        
00000be0  __TI_Handler_Table_Base 
00000be8  __TI_CINIT_Base         
00000be8  __TI_Handler_Table_Limit
00000bf0  __TI_CINIT_Limit        
20000000  __stack                 
20000064  __STACK_END             
20000064  _lock                   
20000068  _unlock                 
2000006c  __TI_cleanup_ptr        
20000070  __TI_dtors_ptr          
20000074  main_func_sp            
20000200  __STACK_TOP             
ffffffff  __binit__               
ffffffff  __c_args__              
ffffffff  binit                   
UNDEFED   SHT$$INIT_ARRAY$$Base   
UNDEFED   SHT$$INIT_ARRAY$$Limit  

[60 symbols]
