******************************************************************************
                  TI ARM Linker PC v5.2.5                      
******************************************************************************
>> Linked Sun Nov 29 01:35:23 2015

OUTPUT FILE NAME:   <lab12.out>
ENTRY POINT SYMBOL: "_c_int00"  address: 00000851


MEMORY CONFIGURATION

         name            origin    length      used     unused   attr    fill
----------------------  --------  ---------  --------  --------  ----  --------
  FLASH                 00000000   00040000  00000bf0  0003f410  R  X
  SRAM                  20000000   00008000  00000078  00007f88  RW X


SEGMENT ALLOCATION MAP

run origin  load origin   length   init length attrs members
----------  ----------- ---------- ----------- ----- -------
00000000    00000000    00000bf0   00000bf0    r-x
  00000000    00000000    0000026c   0000026c    r-- .intvecs
  0000026c    0000026c    00000868   00000868    r-x .text
  00000ad4    00000ad4    000000fc   000000fc    r-- .const
  00000bd0    00000bd0    00000020   00000020    r-- .cinit
20000000    20000000    00000078   00000000    rw-
  20000000    20000000    00000064   00000000    rw- .stack
  20000064    20000064    00000014   00000000    rw- .data


SECTION ALLOCATION MAP

 output                                  attributes/
section   page    origin      length       input sections
--------  ----  ----------  ----------   ----------------
.intvecs   0    00000000    0000026c     
                  00000000    0000026c     tm4c123gh6pm_startup_ccs.obj (.intvecs)

.text      0    0000026c    00000868     
                  0000026c    00000130     driverlib.lib : gpio.obj (.text:GPIOPadConfigSet)
                  0000039c    0000010c                   : sysctl.obj (.text:SysCtlClockGet)
                  000004a8    000000f0                   : sysctl.obj (.text:SysCtlClockSet)
                  00000598    000000c8     main.obj (.text)
                  00000660    0000009c     rtsv7M4_T_le_v4SPD16_eabi.lib : memcpy_t2.obj (.text)
                  000006fc    0000007a                                   : memset_t2.obj (.text)
                  00000776    00000002     --HOLE-- [fill = 0]
                  00000778    0000006c                                   : autoinit.obj (.text)
                  000007e4    0000006a                                   : copy_decompress_rle.obj (.text)
                  0000084e    00000002     --HOLE-- [fill = 0]
                  00000850    00000050                                   : boot.obj (.text)
                  000008a0    0000004c                                   : cpy_tbl.obj (.text)
                  000008ec    00000048     driverlib.lib : gpio.obj (.text:GPIOPinConfigure)
                  00000934    00000044     rtsv7M4_T_le_v4SPD16_eabi.lib : exit.obj (.text)
                  00000978    00000042     driverlib.lib : uart.obj (.text:UARTConfigSetExpClk)
                  000009ba    00000002     --HOLE-- [fill = 0]
                  000009bc    00000034                   : sysctl.obj (.text:SysCtlPeripheralEnable)
                  000009f0    0000002a                   : gpio.obj (.text:GPIODirModeSet)
                  00000a1a    00000002     --HOLE-- [fill = 0]
                  00000a1c    0000001c                   : uart.obj (.text:UARTDisable)
                  00000a38    00000018     rtsv7M4_T_le_v4SPD16_eabi.lib : args_main.obj (.text)
                  00000a50    00000014     driverlib.lib : uart.obj (.text:UARTEnable)
                  00000a64    00000014     rtsv7M4_T_le_v4SPD16_eabi.lib : _lock.obj (.text)
                  00000a78    00000012     driverlib.lib : gpio.obj (.text:GPIOPinTypeUART)
                  00000a8a    0000000e     rtsv7M4_T_le_v4SPD16_eabi.lib : copy_decompress_none.obj (.text:decompress:none)
                  00000a98    0000000c     driverlib.lib : uart.obj (.text:UARTCharsAvail)
                  00000aa4    0000000c     tm4c123gh6pm_startup_ccs.obj (.text)
                  00000ab0    0000000a     driverlib.lib : uart.obj (.text:UARTCharGet)
                  00000aba    0000000a                   : uart.obj (.text:UARTCharPut)
                  00000ac4    00000006                   : sysctl.obj (.text:SysCtlDelay)
                  00000aca    00000006     rtsv7M4_T_le_v4SPD16_eabi.lib : copy_decompress_rle.obj (.text:decompress:rle24)
                  00000ad0    00000004                                   : pre_init.obj (.text)

.const     0    00000ad4    000000fc     
                  00000ad4    00000090     driverlib.lib : gpio.obj (.const:g_pui32GPIOBaseAddrs)
                  00000b64    0000006c                   : sysctl.obj (.const:g_pui32Xtals)

.cinit     0    00000bd0    00000020     
                  00000bd0    0000000f     (.cinit..data.load) [load image, compression = rle]
                  00000bdf    00000001     --HOLE-- [fill = 0]
                  00000be0    00000008     (__TI_handler_table)
                  00000be8    00000008     (__TI_cinit_table)

.init_array 
*          0    00000000    00000000     UNINITIALIZED

.stack     0    20000000    00000064     UNINITIALIZED
                  20000000    00000064     --HOLE--

.data      0    20000064    00000014     UNINITIALIZED
                  20000064    00000008     rtsv7M4_T_le_v4SPD16_eabi.lib : _lock.obj (.data)
                  2000006c    00000008                                   : exit.obj (.data)
                  20000074    00000004                                   : stkdepth_vars.obj (.data)

.TI.persistent 
*          0    20000064    00000000     UNINITIALIZED


LINKER GENERATED COPY TABLES

__TI_cinit_table @ 00000be8 records: 1, size/record: 8, table size: 8
	.data: load addr=00000bd0, load size=0000000f bytes, run addr=20000064, run size=00000014 bytes, compression=rle


LINKER GENERATED HANDLER TABLE

__TI_handler_table @ 00000be0 records: 2, size/record: 4, table size: 8
	index: 0, handler: __TI_decompress_rle24
	index: 1, handler: __TI_decompress_none


GLOBAL SYMBOLS: SORTED ALPHABETICALLY BY Name 

address   name                    
-------   ----                    
00000935  C$$EXIT                 
000009f1  GPIODirModeSet          
0000026d  GPIOPadConfigSet        
000008ed  GPIOPinConfigure        
00000a79  GPIOPinTypeUART         
00000aa5  ResetISR                
UNDEFED   SHT$$INIT_ARRAY$$Base   
UNDEFED   SHT$$INIT_ARRAY$$Limit  
0000039d  SysCtlClockGet          
000004a9  SysCtlClockSet          
00000ac5  SysCtlDelay             
000009bd  SysCtlPeripheralEnable  
00000ab1  UARTCharGet             
00000abb  UARTCharPut             
00000a99  UARTCharsAvail          
00000979  UARTConfigSetExpClk     
00000a1d  UARTDisable             
00000a51  UARTEnable              
20000064  __STACK_END             
00000064  __STACK_SIZE            
20000200  __STACK_TOP             
00000be8  __TI_CINIT_Base         
00000bf0  __TI_CINIT_Limit        
00000be0  __TI_Handler_Table_Base 
00000be8  __TI_Handler_Table_Limit
00000779  __TI_auto_init          
2000006c  __TI_cleanup_ptr        
00000a8b  __TI_decompress_none    
00000acb  __TI_decompress_rle24   
20000070  __TI_dtors_ptr          
00000000  __TI_static_base__      
000006fd  __aeabi_memclr          
000006fd  __aeabi_memclr4         
000006fd  __aeabi_memclr8         
00000661  __aeabi_memcpy          
00000661  __aeabi_memcpy4         
00000661  __aeabi_memcpy8         
000006ff  __aeabi_memset          
000006ff  __aeabi_memset4         
000006ff  __aeabi_memset8         
ffffffff  __binit__               
ffffffff  __c_args__              
20000000  __stack                 
00000a39  _args_main              
00000851  _c_int00                
20000064  _lock                   
00000a73  _nop                    
00000a6b  _register_lock          
00000a65  _register_unlock        
00000ad1  _system_pre_init        
20000068  _unlock                 
00000939  abort                   
ffffffff  binit                   
000008a1  copy_in                 
00000941  exit                    
00000000  g_pfnVectors            
00000599  main                    
20000074  main_func_sp            
00000661  memcpy                  
00000705  memset                  


GLOBAL SYMBOLS: SORTED BY Symbol Address 

address   name                    
-------   ----                    
00000000  __TI_static_base__      
00000000  g_pfnVectors            
00000064  __STACK_SIZE            
0000026d  GPIOPadConfigSet        
0000039d  SysCtlClockGet          
000004a9  SysCtlClockSet          
00000599  main                    
00000661  __aeabi_memcpy          
00000661  __aeabi_memcpy4         
00000661  __aeabi_memcpy8         
00000661  memcpy                  
000006fd  __aeabi_memclr          
000006fd  __aeabi_memclr4         
000006fd  __aeabi_memclr8         
000006ff  __aeabi_memset          
000006ff  __aeabi_memset4         
000006ff  __aeabi_memset8         
00000705  memset                  
00000779  __TI_auto_init          
00000851  _c_int00                
000008a1  copy_in                 
000008ed  GPIOPinConfigure        
00000935  C$$EXIT                 
00000939  abort                   
00000941  exit                    
00000979  UARTConfigSetExpClk     
000009bd  SysCtlPeripheralEnable  
000009f1  GPIODirModeSet          
00000a1d  UARTDisable             
00000a39  _args_main              
00000a51  UARTEnable              
00000a65  _register_unlock        
00000a6b  _register_lock          
00000a73  _nop                    
00000a79  GPIOPinTypeUART         
00000a8b  __TI_decompress_none    
00000a99  UARTCharsAvail          
00000aa5  ResetISR                
00000ab1  UARTCharGet             
00000abb  UARTCharPut             
00000ac5  SysCtlDelay             
00000acb  __TI_decompress_rle24   
00000ad1  _system_pre_init        
00000be0  __TI_Handler_Table_Base 
00000be8  __TI_CINIT_Base         
00000be8  __TI_Handler_Table_Limit
00000bf0  __TI_CINIT_Limit        
20000000  __stack                 
20000064  __STACK_END             
20000064  _lock                   
20000068  _unlock                 
2000006c  __TI_cleanup_ptr        
20000070  __TI_dtors_ptr          
20000074  main_func_sp            
20000200  __STACK_TOP             
ffffffff  __binit__               
ffffffff  __c_args__              
ffffffff  binit                   
UNDEFED   SHT$$INIT_ARRAY$$Base   
UNDEFED   SHT$$INIT_ARRAY$$Limit  

[60 symbols]
