******************************************************************************
                  TI ARM Linker PC v5.2.5                      
******************************************************************************
>> Linked Sun Nov 29 01:35:28 2015

OUTPUT FILE NAME:   <lab6.out>
ENTRY POINT SYMBOL: "_c_int00"  address: 00000861


MEMORY CONFIGURATION

         name            origin    length      used     unused   attr    fill
----------------------  --------  ---------  --------  --------  ----  --------
  FLASH                 00000000   00040000  00000b40  0003f4c0  R  X
  SRAM                  20000000   00008000  00000078  00007f88  RW X


SEGMENT ALLOCATION MAP

run origin  load origin   length   init length attrs members
----------  ----------- ---------- ----------- ----- -------
00000000    00000000    00000b40   00000b40    r-x
  00000000    00000000    0000026c   0000026c    r-- .intvecs
  0000026c    0000026c    00000848   00000848    r-x .text
  00000ab4    00000ab4    0000006c   0000006c    r-- .const
  00000b20    00000b20    00000020   00000020    r-- .cinit
20000000    20000000    00000078   00000000    rw-
  20000000    20000000    00000064   00000000    rw- .stack
  20000064    20000064    00000014   00000000    rw- .data


SECTION ALLOCATION MAP

 output                                  attributes/
section   page    origin      length       input sections
--------  ----  ----------  ----------   ----------------
.intvecs   0    00000000    0000026c     
                  00000000    0000026c     tm4c123gh6pm_startup_ccs.obj (.intvecs)

.text      0    0000026c    00000848     
                  0000026c    00000130     driverlib.lib : gpio.obj (.text:GPIOPadConfigSet)
                  0000039c    0000010c                   : sysctl.obj (.text:SysCtlClockGet)
                  000004a8    000000f0                   : sysctl.obj (.text:SysCtlClockSet)
                  00000598    0000009c     rtsv7M4_T_le_v4SPD16_eabi.lib : memcpy_t2.obj (.text)
                  00000634    0000007a                                   : memset_t2.obj (.text)
                  000006ae    00000002     --HOLE-- [fill = 0]
                  000006b0    00000074     main.obj (.text)
                  00000724    0000006c     rtsv7M4_T_le_v4SPD16_eabi.lib : autoinit.obj (.text)
                  00000790    0000006a                                   : copy_decompress_rle.obj (.text)
                  000007fa    00000002     --HOLE-- [fill = 0]
                  000007fc    00000064     driverlib.lib : hibernate.obj (.text:HibernateWakeSet)
                  00000860    00000050     rtsv7M4_T_le_v4SPD16_eabi.lib : boot.obj (.text)
                  000008b0    0000004c                                   : cpy_tbl.obj (.text)
                  000008fc    00000044                                   : exit.obj (.text)
                  00000940    00000034     driverlib.lib : sysctl.obj (.text:SysCtlPeripheralEnable)
                  00000974    0000002c                   : hibernate.obj (.text:HibernateRTCSet)
                  000009a0    0000002a                   : gpio.obj (.text:GPIODirModeSet)
                  000009ca    00000018                   : gpio.obj (.text:GPIOPinTypeGPIOOutput)
                  000009e2    00000002     --HOLE-- [fill = 0]
                  000009e4    00000018                   : hibernate.obj (.text:HibernateGPIORetentionEnable)
                  000009fc    00000018     rtsv7M4_T_le_v4SPD16_eabi.lib : args_main.obj (.text)
                  00000a14    00000014     driverlib.lib : hibernate.obj (.text:HibernateEnableExpClk)
                  00000a28    00000014                   : hibernate.obj (.text:HibernateRTCEnable)
                  00000a3c    00000014                   : hibernate.obj (.text:HibernateRequest)
                  00000a50    00000014     rtsv7M4_T_le_v4SPD16_eabi.lib : _lock.obj (.text)
                  00000a64    00000010     driverlib.lib : hibernate.obj (.text:HibernateRTCMatchSet)
                  00000a74    00000010                   : hibernate.obj (.text:_HibernateWriteComplete)
                  00000a84    0000000e     rtsv7M4_T_le_v4SPD16_eabi.lib : copy_decompress_none.obj (.text:decompress:none)
                  00000a92    0000000c     tm4c123gh6pm_startup_ccs.obj (.text)
                  00000a9e    00000006     driverlib.lib : gpio.obj (.text:GPIOPinWrite)
                  00000aa4    00000006                   : sysctl.obj (.text:SysCtlDelay)
                  00000aaa    00000006     rtsv7M4_T_le_v4SPD16_eabi.lib : copy_decompress_rle.obj (.text:decompress:rle24)
                  00000ab0    00000004                                   : pre_init.obj (.text)

.const     0    00000ab4    0000006c     
                  00000ab4    0000006c     driverlib.lib : sysctl.obj (.const:g_pui32Xtals)

.cinit     0    00000b20    00000020     
                  00000b20    0000000f     (.cinit..data.load) [load image, compression = rle]
                  00000b2f    00000001     --HOLE-- [fill = 0]
                  00000b30    00000008     (__TI_handler_table)
                  00000b38    00000008     (__TI_cinit_table)

.init_array 
*          0    00000000    00000000     UNINITIALIZED

.stack     0    20000000    00000064     UNINITIALIZED
                  20000000    00000064     --HOLE--

.data      0    20000064    00000014     UNINITIALIZED
                  20000064    00000008     rtsv7M4_T_le_v4SPD16_eabi.lib : _lock.obj (.data)
                  2000006c    00000008                                   : exit.obj (.data)
                  20000074    00000004                                   : stkdepth_vars.obj (.data)

.TI.persistent 
*          0    20000064    00000000     UNINITIALIZED


LINKER GENERATED COPY TABLES

__TI_cinit_table @ 00000b38 records: 1, size/record: 8, table size: 8
	.data: load addr=00000b20, load size=0000000f bytes, run addr=20000064, run size=00000014 bytes, compression=rle


LINKER GENERATED HANDLER TABLE

__TI_handler_table @ 00000b30 records: 2, size/record: 4, table size: 8
	index: 0, handler: __TI_decompress_rle24
	index: 1, handler: __TI_decompress_none


GLOBAL SYMBOLS: SORTED ALPHABETICALLY BY Name 

address   name                        
-------   ----                        
000008fd  C$$EXIT                     
000009a1  GPIODirModeSet              
0000026d  GPIOPadConfigSet            
000009cb  GPIOPinTypeGPIOOutput       
00000a9f  GPIOPinWrite                
00000a15  HibernateEnableExpClk       
000009e5  HibernateGPIORetentionEnable
00000a29  HibernateRTCEnable          
00000a65  HibernateRTCMatchSet        
00000975  HibernateRTCSet             
00000a3d  HibernateRequest            
000007fd  HibernateWakeSet            
00000a93  ResetISR                    
UNDEFED   SHT$$INIT_ARRAY$$Base       
UNDEFED   SHT$$INIT_ARRAY$$Limit      
0000039d  SysCtlClockGet              
000004a9  SysCtlClockSet              
00000aa5  SysCtlDelay                 
00000941  SysCtlPeripheralEnable      
20000064  __STACK_END                 
00000064  __STACK_SIZE                
20000200  __STACK_TOP                 
00000b38  __TI_CINIT_Base             
00000b40  __TI_CINIT_Limit            
00000b30  __TI_Handler_Table_Base     
00000b38  __TI_Handler_Table_Limit    
00000725  __TI_auto_init              
2000006c  __TI_cleanup_ptr            
00000a85  __TI_decompress_none        
00000aab  __TI_decompress_rle24       
20000070  __TI_dtors_ptr              
00000000  __TI_static_base__          
00000635  __aeabi_memclr              
00000635  __aeabi_memclr4             
00000635  __aeabi_memclr8             
00000599  __aeabi_memcpy              
00000599  __aeabi_memcpy4             
00000599  __aeabi_memcpy8             
00000637  __aeabi_memset              
00000637  __aeabi_memset4             
00000637  __aeabi_memset8             
ffffffff  __binit__                   
ffffffff  __c_args__                  
20000000  __stack                     
000009fd  _args_main                  
00000861  _c_int00                    
20000064  _lock                       
00000a5f  _nop                        
00000a57  _register_lock              
00000a51  _register_unlock            
00000ab1  _system_pre_init            
20000068  _unlock                     
00000901  abort                       
ffffffff  binit                       
000008b1  copy_in                     
00000909  exit                        
00000000  g_pfnVectors                
000006b1  main                        
20000074  main_func_sp                
00000599  memcpy                      
0000063d  memset                      


GLOBAL SYMBOLS: SORTED BY Symbol Address 

address   name                        
-------   ----                        
00000000  __TI_static_base__          
00000000  g_pfnVectors                
00000064  __STACK_SIZE                
0000026d  GPIOPadConfigSet            
0000039d  SysCtlClockGet              
000004a9  SysCtlClockSet              
00000599  __aeabi_memcpy              
00000599  __aeabi_memcpy4             
00000599  __aeabi_memcpy8             
00000599  memcpy                      
00000635  __aeabi_memclr              
00000635  __aeabi_memclr4             
00000635  __aeabi_memclr8             
00000637  __aeabi_memset              
00000637  __aeabi_memset4             
00000637  __aeabi_memset8             
0000063d  memset                      
000006b1  main                        
00000725  __TI_auto_init              
000007fd  HibernateWakeSet            
00000861  _c_int00                    
000008b1  copy_in                     
000008fd  C$$EXIT                     
00000901  abort                       
00000909  exit                        
00000941  SysCtlPeripheralEnable      
00000975  HibernateRTCSet             
000009a1  GPIODirModeSet              
000009cb  GPIOPinTypeGPIOOutput       
000009e5  HibernateGPIORetentionEnable
000009fd  _args_main                  
00000a15  HibernateEnableExpClk       
00000a29  HibernateRTCEnable          
00000a3d  HibernateRequest            
00000a51  _register_unlock            
00000a57  _register_lock              
00000a5f  _nop                        
00000a65  HibernateRTCMatchSet        
00000a85  __TI_decompress_none        
00000a93  ResetISR                    
00000a9f  GPIOPinWrite                
00000aa5  SysCtlDelay                 
00000aab  __TI_decompress_rle24       
00000ab1  _system_pre_init            
00000b30  __TI_Handler_Table_Base     
00000b38  __TI_CINIT_Base             
00000b38  __TI_Handler_Table_Limit    
00000b40  __TI_CINIT_Limit            
20000000  __stack                     
20000064  __STACK_END                 
20000064  _lock                       
20000068  _unlock                     
2000006c  __TI_cleanup_ptr            
20000070  __TI_dtors_ptr              
20000074  main_func_sp                
20000200  __STACK_TOP                 
ffffffff  __binit__                   
ffffffff  __c_args__                  
ffffffff  binit                       
UNDEFED   SHT$$INIT_ARRAY$$Base       
UNDEFED   SHT$$INIT_ARRAY$$Limit      

[61 symbols]
