<?xml version="1.0"?>
<link_info>
   <banner>TI ARM Linker PC v5.2.5</banner>
   <copyright>Copyright (c) 1996-2015 Texas Instruments Incorporated</copyright>
   <link_time>0x56494c8c</link_time>
   <link_errors>0x0</link_errors>
   <output_file>OrbitBoosterDemo.out</output_file>
   <entry_point>
      <name>_c_int00</name>
      <address>0x4f9d</address>
   </entry_point>
   <input_file_list>
      <input_file id="fl-2">
         <path>.\</path>
         <kind>object</kind>
         <file>main.obj</file>
         <name>main.obj</name>
      </input_file>
      <input_file id="fl-3">
         <path>.\</path>
         <kind>object</kind>
         <file>tm4c123gh6pm_startup_ccs.obj</file>
         <name>tm4c123gh6pm_startup_ccs.obj</name>
      </input_file>
      <input_file id="fl-4">
         <path>.\OrbitOled\</path>
         <kind>object</kind>
         <file>ChrFont0.obj</file>
         <name>ChrFont0.obj</name>
      </input_file>
      <input_file id="fl-5">
         <path>.\OrbitOled\</path>
         <kind>object</kind>
         <file>FillPat.obj</file>
         <name>FillPat.obj</name>
      </input_file>
      <input_file id="fl-6">
         <path>.\OrbitOled\</path>
         <kind>object</kind>
         <file>OrbitOled.obj</file>
         <name>OrbitOled.obj</name>
      </input_file>
      <input_file id="fl-7">
         <path>.\OrbitOled\</path>
         <kind>object</kind>
         <file>OrbitOledChar.obj</file>
         <name>OrbitOledChar.obj</name>
      </input_file>
      <input_file id="fl-8">
         <path>.\OrbitOled\</path>
         <kind>object</kind>
         <file>OrbitOledGrph.obj</file>
         <name>OrbitOledGrph.obj</name>
      </input_file>
      <input_file id="fl-9">
         <path>.\OrbitOled\</path>
         <kind>object</kind>
         <file>delay.obj</file>
         <name>delay.obj</name>
      </input_file>
      <input_file id="fl-a">
         <path>.\I2CEEPROM\</path>
         <kind>object</kind>
         <file>I2CEEPROM.obj</file>
         <name>I2CEEPROM.obj</name>
      </input_file>
      <input_file id="fl-10">
         <path>..\</path>
         <kind>archive</kind>
         <file>driverlib.lib</file>
         <name>adc.obj</name>
      </input_file>
      <input_file id="fl-11">
         <path>..\</path>
         <kind>archive</kind>
         <file>driverlib.lib</file>
         <name>gpio.obj</name>
      </input_file>
      <input_file id="fl-12">
         <path>..\</path>
         <kind>archive</kind>
         <file>driverlib.lib</file>
         <name>i2c.obj</name>
      </input_file>
      <input_file id="fl-13">
         <path>..\</path>
         <kind>archive</kind>
         <file>driverlib.lib</file>
         <name>interrupt.obj</name>
      </input_file>
      <input_file id="fl-14">
         <path>..\</path>
         <kind>archive</kind>
         <file>driverlib.lib</file>
         <name>ssi.obj</name>
      </input_file>
      <input_file id="fl-15">
         <path>..\</path>
         <kind>archive</kind>
         <file>driverlib.lib</file>
         <name>sysctl.obj</name>
      </input_file>
      <input_file id="fl-16">
         <path>..\</path>
         <kind>archive</kind>
         <file>driverlib.lib</file>
         <name>timer.obj</name>
      </input_file>
      <input_file id="fl-17">
         <path>..\</path>
         <kind>archive</kind>
         <file>driverlib.lib</file>
         <name>uart.obj</name>
      </input_file>
      <input_file id="fl-18">
         <path>..\</path>
         <kind>archive</kind>
         <file>driverlib.lib</file>
         <name>cpu.obj</name>
      </input_file>
      <input_file id="fl-13a">
         <path>C:\ti\ccsv6\tools\compiler\ti-cgt-arm_5.2.5\lib\</path>
         <kind>archive</kind>
         <file>rtsv7M4_T_le_v4SPD16_eabi.lib</file>
         <name>boot.obj</name>
      </input_file>
      <input_file id="fl-13b">
         <path>C:\ti\ccsv6\tools\compiler\ti-cgt-arm_5.2.5\lib\</path>
         <kind>archive</kind>
         <file>rtsv7M4_T_le_v4SPD16_eabi.lib</file>
         <name>copy_decompress_none.obj</name>
      </input_file>
      <input_file id="fl-13c">
         <path>C:\ti\ccsv6\tools\compiler\ti-cgt-arm_5.2.5\lib\</path>
         <kind>archive</kind>
         <file>rtsv7M4_T_le_v4SPD16_eabi.lib</file>
         <name>copy_decompress_rle.obj</name>
      </input_file>
      <input_file id="fl-13d">
         <path>C:\ti\ccsv6\tools\compiler\ti-cgt-arm_5.2.5\lib\</path>
         <kind>archive</kind>
         <file>rtsv7M4_T_le_v4SPD16_eabi.lib</file>
         <name>copy_zero_init.obj</name>
      </input_file>
      <input_file id="fl-13e">
         <path>C:\ti\ccsv6\tools\compiler\ti-cgt-arm_5.2.5\lib\</path>
         <kind>archive</kind>
         <file>rtsv7M4_T_le_v4SPD16_eabi.lib</file>
         <name>exit.obj</name>
      </input_file>
      <input_file id="fl-13f">
         <path>C:\ti\ccsv6\tools\compiler\ti-cgt-arm_5.2.5\lib\</path>
         <kind>archive</kind>
         <file>rtsv7M4_T_le_v4SPD16_eabi.lib</file>
         <name>fd_add_t2.obj</name>
      </input_file>
      <input_file id="fl-140">
         <path>C:\ti\ccsv6\tools\compiler\ti-cgt-arm_5.2.5\lib\</path>
         <kind>archive</kind>
         <file>rtsv7M4_T_le_v4SPD16_eabi.lib</file>
         <name>fd_toi_t2.obj</name>
      </input_file>
      <input_file id="fl-141">
         <path>C:\ti\ccsv6\tools\compiler\ti-cgt-arm_5.2.5\lib\</path>
         <kind>archive</kind>
         <file>rtsv7M4_T_le_v4SPD16_eabi.lib</file>
         <name>i_tofd_t2.obj</name>
      </input_file>
      <input_file id="fl-142">
         <path>C:\ti\ccsv6\tools\compiler\ti-cgt-arm_5.2.5\lib\</path>
         <kind>archive</kind>
         <file>rtsv7M4_T_le_v4SPD16_eabi.lib</file>
         <name>memcpy_t2.obj</name>
      </input_file>
      <input_file id="fl-143">
         <path>C:\ti\ccsv6\tools\compiler\ti-cgt-arm_5.2.5\lib\</path>
         <kind>archive</kind>
         <file>rtsv7M4_T_le_v4SPD16_eabi.lib</file>
         <name>memset_t2.obj</name>
      </input_file>
      <input_file id="fl-144">
         <path>C:\ti\ccsv6\tools\compiler\ti-cgt-arm_5.2.5\lib\</path>
         <kind>archive</kind>
         <file>rtsv7M4_T_le_v4SPD16_eabi.lib</file>
         <name>pow.obj</name>
      </input_file>
      <input_file id="fl-145">
         <path>C:\ti\ccsv6\tools\compiler\ti-cgt-arm_5.2.5\lib\</path>
         <kind>archive</kind>
         <file>rtsv7M4_T_le_v4SPD16_eabi.lib</file>
         <name>pre_init.obj</name>
      </input_file>
      <input_file id="fl-146">
         <path>C:\ti\ccsv6\tools\compiler\ti-cgt-arm_5.2.5\lib\</path>
         <kind>archive</kind>
         <file>rtsv7M4_T_le_v4SPD16_eabi.lib</file>
         <name>sprintf.obj</name>
      </input_file>
      <input_file id="fl-147">
         <path>C:\ti\ccsv6\tools\compiler\ti-cgt-arm_5.2.5\lib\</path>
         <kind>archive</kind>
         <file>rtsv7M4_T_le_v4SPD16_eabi.lib</file>
         <name>stkdepth_vars.obj</name>
      </input_file>
      <input_file id="fl-148">
         <path>C:\ti\ccsv6\tools\compiler\ti-cgt-arm_5.2.5\lib\</path>
         <kind>archive</kind>
         <file>rtsv7M4_T_le_v4SPD16_eabi.lib</file>
         <name>xdint.obj</name>
      </input_file>
      <input_file id="fl-149">
         <path>C:\ti\ccsv6\tools\compiler\ti-cgt-arm_5.2.5\lib\</path>
         <kind>archive</kind>
         <file>rtsv7M4_T_le_v4SPD16_eabi.lib</file>
         <name>xdunscal.obj</name>
      </input_file>
      <input_file id="fl-14a">
         <path>C:\ti\ccsv6\tools\compiler\ti-cgt-arm_5.2.5\lib\</path>
         <kind>archive</kind>
         <file>rtsv7M4_T_le_v4SPD16_eabi.lib</file>
         <name>xexp.obj</name>
      </input_file>
      <input_file id="fl-14b">
         <path>C:\ti\ccsv6\tools\compiler\ti-cgt-arm_5.2.5\lib\</path>
         <kind>archive</kind>
         <file>rtsv7M4_T_le_v4SPD16_eabi.lib</file>
         <name>xferaise.obj</name>
      </input_file>
      <input_file id="fl-14c">
         <path>C:\ti\ccsv6\tools\compiler\ti-cgt-arm_5.2.5\lib\</path>
         <kind>archive</kind>
         <file>rtsv7M4_T_le_v4SPD16_eabi.lib</file>
         <name>xvalues.obj</name>
      </input_file>
      <input_file id="fl-14d">
         <path>C:\ti\ccsv6\tools\compiler\ti-cgt-arm_5.2.5\lib\</path>
         <kind>archive</kind>
         <file>rtsv7M4_T_le_v4SPD16_eabi.lib</file>
         <name>_lock.obj</name>
      </input_file>
      <input_file id="fl-14e">
         <path>C:\ti\ccsv6\tools\compiler\ti-cgt-arm_5.2.5\lib\</path>
         <kind>archive</kind>
         <file>rtsv7M4_T_le_v4SPD16_eabi.lib</file>
         <name>_printfi.obj</name>
      </input_file>
      <input_file id="fl-14f">
         <path>C:\ti\ccsv6\tools\compiler\ti-cgt-arm_5.2.5\lib\</path>
         <kind>archive</kind>
         <file>rtsv7M4_T_le_v4SPD16_eabi.lib</file>
         <name>args_main.obj</name>
      </input_file>
      <input_file id="fl-150">
         <path>C:\ti\ccsv6\tools\compiler\ti-cgt-arm_5.2.5\lib\</path>
         <kind>archive</kind>
         <file>rtsv7M4_T_le_v4SPD16_eabi.lib</file>
         <name>atoi.obj</name>
      </input_file>
      <input_file id="fl-151">
         <path>C:\ti\ccsv6\tools\compiler\ti-cgt-arm_5.2.5\lib\</path>
         <kind>archive</kind>
         <file>rtsv7M4_T_le_v4SPD16_eabi.lib</file>
         <name>autoinit.obj</name>
      </input_file>
      <input_file id="fl-152">
         <path>C:\ti\ccsv6\tools\compiler\ti-cgt-arm_5.2.5\lib\</path>
         <kind>archive</kind>
         <file>rtsv7M4_T_le_v4SPD16_eabi.lib</file>
         <name>cpy_tbl.obj</name>
      </input_file>
      <input_file id="fl-153">
         <path>C:\ti\ccsv6\tools\compiler\ti-cgt-arm_5.2.5\lib\</path>
         <kind>archive</kind>
         <file>rtsv7M4_T_le_v4SPD16_eabi.lib</file>
         <name>ctype.obj</name>
      </input_file>
      <input_file id="fl-154">
         <path>C:\ti\ccsv6\tools\compiler\ti-cgt-arm_5.2.5\lib\</path>
         <kind>archive</kind>
         <file>rtsv7M4_T_le_v4SPD16_eabi.lib</file>
         <name>errno.obj</name>
      </input_file>
      <input_file id="fl-155">
         <path>C:\ti\ccsv6\tools\compiler\ti-cgt-arm_5.2.5\lib\</path>
         <kind>archive</kind>
         <file>rtsv7M4_T_le_v4SPD16_eabi.lib</file>
         <name>fd_cmp_t2.obj</name>
      </input_file>
      <input_file id="fl-156">
         <path>C:\ti\ccsv6\tools\compiler\ti-cgt-arm_5.2.5\lib\</path>
         <kind>archive</kind>
         <file>rtsv7M4_T_le_v4SPD16_eabi.lib</file>
         <name>fd_div_t2.obj</name>
      </input_file>
      <input_file id="fl-157">
         <path>C:\ti\ccsv6\tools\compiler\ti-cgt-arm_5.2.5\lib\</path>
         <kind>archive</kind>
         <file>rtsv7M4_T_le_v4SPD16_eabi.lib</file>
         <name>fd_mul_t2.obj</name>
      </input_file>
      <input_file id="fl-158">
         <path>C:\ti\ccsv6\tools\compiler\ti-cgt-arm_5.2.5\lib\</path>
         <kind>archive</kind>
         <file>rtsv7M4_T_le_v4SPD16_eabi.lib</file>
         <name>feraiseexcept.obj</name>
      </input_file>
      <input_file id="fl-159">
         <path>C:\ti\ccsv6\tools\compiler\ti-cgt-arm_5.2.5\lib\</path>
         <kind>archive</kind>
         <file>rtsv7M4_T_le_v4SPD16_eabi.lib</file>
         <name>frexp.obj</name>
      </input_file>
      <input_file id="fl-15a">
         <path>C:\ti\ccsv6\tools\compiler\ti-cgt-arm_5.2.5\lib\</path>
         <kind>archive</kind>
         <file>rtsv7M4_T_le_v4SPD16_eabi.lib</file>
         <name>ldexp.obj</name>
      </input_file>
      <input_file id="fl-15b">
         <path>C:\ti\ccsv6\tools\compiler\ti-cgt-arm_5.2.5\lib\</path>
         <kind>archive</kind>
         <file>rtsv7M4_T_le_v4SPD16_eabi.lib</file>
         <name>log.obj</name>
      </input_file>
      <input_file id="fl-15c">
         <path>C:\ti\ccsv6\tools\compiler\ti-cgt-arm_5.2.5\lib\</path>
         <kind>archive</kind>
         <file>rtsv7M4_T_le_v4SPD16_eabi.lib</file>
         <name>ltoa.obj</name>
      </input_file>
      <input_file id="fl-15d">
         <path>C:\ti\ccsv6\tools\compiler\ti-cgt-arm_5.2.5\lib\</path>
         <kind>archive</kind>
         <file>rtsv7M4_T_le_v4SPD16_eabi.lib</file>
         <name>memccpy.obj</name>
      </input_file>
      <input_file id="fl-15e">
         <path>C:\ti\ccsv6\tools\compiler\ti-cgt-arm_5.2.5\lib\</path>
         <kind>archive</kind>
         <file>rtsv7M4_T_le_v4SPD16_eabi.lib</file>
         <name>raise.obj</name>
      </input_file>
      <input_file id="fl-15f">
         <path>C:\ti\ccsv6\tools\compiler\ti-cgt-arm_5.2.5\lib\</path>
         <kind>archive</kind>
         <file>rtsv7M4_T_le_v4SPD16_eabi.lib</file>
         <name>signal.obj</name>
      </input_file>
      <input_file id="fl-160">
         <path>C:\ti\ccsv6\tools\compiler\ti-cgt-arm_5.2.5\lib\</path>
         <kind>archive</kind>
         <file>rtsv7M4_T_le_v4SPD16_eabi.lib</file>
         <name>strchr.obj</name>
      </input_file>
      <input_file id="fl-161">
         <path>C:\ti\ccsv6\tools\compiler\ti-cgt-arm_5.2.5\lib\</path>
         <kind>archive</kind>
         <file>rtsv7M4_T_le_v4SPD16_eabi.lib</file>
         <name>strlen.obj</name>
      </input_file>
      <input_file id="fl-162">
         <path>C:\ti\ccsv6\tools\compiler\ti-cgt-arm_5.2.5\lib\</path>
         <kind>archive</kind>
         <file>rtsv7M4_T_le_v4SPD16_eabi.lib</file>
         <name>ull_div_t2.obj</name>
      </input_file>
      <input_file id="fl-163">
         <path>C:\ti\ccsv6\tools\compiler\ti-cgt-arm_5.2.5\lib\</path>
         <kind>archive</kind>
         <file>rtsv7M4_T_le_v4SPD16_eabi.lib</file>
         <name>xdclass.obj</name>
      </input_file>
      <input_file id="fl-164">
         <path>C:\ti\ccsv6\tools\compiler\ti-cgt-arm_5.2.5\lib\</path>
         <kind>archive</kind>
         <file>rtsv7M4_T_le_v4SPD16_eabi.lib</file>
         <name>xdnorm.obj</name>
      </input_file>
      <input_file id="fl-165">
         <path>C:\ti\ccsv6\tools\compiler\ti-cgt-arm_5.2.5\lib\</path>
         <kind>archive</kind>
         <file>rtsv7M4_T_le_v4SPD16_eabi.lib</file>
         <name>xdscale.obj</name>
      </input_file>
      <input_file id="fl-166">
         <path>C:\ti\ccsv6\tools\compiler\ti-cgt-arm_5.2.5\lib\</path>
         <kind>archive</kind>
         <file>rtsv7M4_T_le_v4SPD16_eabi.lib</file>
         <name>xlog.obj</name>
      </input_file>
      <input_file id="fl-167">
         <path>C:\ti\ccsv6\tools\compiler\ti-cgt-arm_5.2.5\lib\</path>
         <kind>archive</kind>
         <file>rtsv7M4_T_le_v4SPD16_eabi.lib</file>
         <name>fs_tod_t2.obj</name>
      </input_file>
      <input_file id="fl-168">
         <path>C:\ti\ccsv6\tools\compiler\ti-cgt-arm_5.2.5\lib\</path>
         <kind>archive</kind>
         <file>rtsv7M4_T_le_v4SPD16_eabi.lib</file>
         <name>xfvalues.obj</name>
      </input_file>
   </input_file_list>
   <object_component_list>
      <object_component id="oc-f">
         <name>.intvecs</name>
         <load_address>0x0</load_address>
         <run_address>0x0</run_address>
         <size>0x26c</size>
         <input_file_ref idref="fl-3"/>
      </object_component>
      <object_component id="oc-2bb">
         <name>.text</name>
         <load_address>0x26c</load_address>
         <run_address>0x26c</run_address>
         <size>0x10ba</size>
         <input_file_ref idref="fl-14e"/>
      </object_component>
      <object_component id="oc-9d">
         <name>.text</name>
         <load_address>0x1328</load_address>
         <run_address>0x1328</run_address>
         <size>0xc34</size>
         <input_file_ref idref="fl-2"/>
      </object_component>
      <object_component id="oc-105">
         <name>.text</name>
         <load_address>0x1f5c</load_address>
         <run_address>0x1f5c</run_address>
         <size>0xb14</size>
         <input_file_ref idref="fl-8"/>
      </object_component>
      <object_component id="oc-16c">
         <name>.text</name>
         <load_address>0x2a70</load_address>
         <run_address>0x2a70</run_address>
         <size>0x4a4</size>
         <input_file_ref idref="fl-a"/>
      </object_component>
      <object_component id="oc-18a">
         <name>.text</name>
         <load_address>0x2f14</load_address>
         <run_address>0x2f14</run_address>
         <size>0x498</size>
         <input_file_ref idref="fl-144"/>
      </object_component>
      <object_component id="oc-f9">
         <name>.text</name>
         <load_address>0x33ac</load_address>
         <run_address>0x33ac</run_address>
         <size>0x380</size>
         <input_file_ref idref="fl-6"/>
      </object_component>
      <object_component id="oc-331">
         <name>.text</name>
         <load_address>0x372c</load_address>
         <run_address>0x372c</run_address>
         <size>0x2ec</size>
         <input_file_ref idref="fl-166"/>
      </object_component>
      <object_component id="oc-10b">
         <name>.text</name>
         <load_address>0x3a18</load_address>
         <run_address>0x3a18</run_address>
         <size>0x204</size>
         <input_file_ref idref="fl-7"/>
      </object_component>
      <object_component id="oc-2ae">
         <name>.text</name>
         <load_address>0x3c1c</load_address>
         <run_address>0x3c1c</run_address>
         <size>0x1fc</size>
         <input_file_ref idref="fl-14a"/>
      </object_component>
      <object_component id="oc-34e">
         <name>.text</name>
         <load_address>0x3e18</load_address>
         <run_address>0x3e18</run_address>
         <size>0x1f4</size>
         <input_file_ref idref="fl-162"/>
      </object_component>
      <object_component id="oc-190">
         <name>.text</name>
         <load_address>0x400c</load_address>
         <run_address>0x400c</run_address>
         <size>0x1b6</size>
         <input_file_ref idref="fl-13f"/>
      </object_component>
      <object_component id="oc-2a9">
         <name>.text</name>
         <load_address>0x41c2</load_address>
         <run_address>0x41c2</run_address>
         <size>0x136</size>
         <input_file_ref idref="fl-156"/>
      </object_component>
      <object_component id="oc-cf">
         <name>.text:GPIOPadConfigSet</name>
         <load_address>0x42f8</load_address>
         <run_address>0x42f8</run_address>
         <size>0x130</size>
         <input_file_ref idref="fl-11"/>
      </object_component>
      <object_component id="oc-339">
         <name>.text</name>
         <load_address>0x4428</load_address>
         <run_address>0x4428</run_address>
         <size>0x110</size>
         <input_file_ref idref="fl-165"/>
      </object_component>
      <object_component id="oc-13c">
         <name>.text:SysCtlClockGet</name>
         <load_address>0x4538</load_address>
         <run_address>0x4538</run_address>
         <size>0x10c</size>
         <input_file_ref idref="fl-15"/>
      </object_component>
      <object_component id="oc-29e">
         <name>.text</name>
         <load_address>0x4644</load_address>
         <run_address>0x4644</run_address>
         <size>0xfc</size>
         <input_file_ref idref="fl-157"/>
      </object_component>
      <object_component id="oc-c3">
         <name>.text:SysCtlClockSet</name>
         <load_address>0x4740</load_address>
         <run_address>0x4740</run_address>
         <size>0xf0</size>
         <input_file_ref idref="fl-15"/>
      </object_component>
      <object_component id="oc-28d">
         <name>.text</name>
         <load_address>0x4830</load_address>
         <run_address>0x4830</run_address>
         <size>0xc0</size>
         <input_file_ref idref="fl-148"/>
      </object_component>
      <object_component id="oc-319">
         <name>.text</name>
         <load_address>0x48f0</load_address>
         <run_address>0x48f0</run_address>
         <size>0xbe</size>
         <input_file_ref idref="fl-164"/>
      </object_component>
      <object_component id="oc-33">
         <name>.text</name>
         <load_address>0x49ae</load_address>
         <run_address>0x49ae</run_address>
         <size>0x9c</size>
         <input_file_ref idref="fl-142"/>
      </object_component>
      <object_component id="oc-293">
         <name>.text:__aeabi_cdcmple</name>
         <load_address>0x4a4a</load_address>
         <run_address>0x4a4a</run_address>
         <size>0x86</size>
         <input_file_ref idref="fl-155"/>
      </object_component>
      <object_component id="oc-359">
         <name>.text:__aeabi_cdrcmple</name>
         <load_address>0x4ad0</load_address>
         <run_address>0x4ad0</run_address>
         <size>0x86</size>
         <input_file_ref idref="fl-155"/>
      </object_component>
      <object_component id="oc-ed">
         <name>.text:ADCSequenceStepConfigure</name>
         <load_address>0x4b56</load_address>
         <run_address>0x4b56</run_address>
         <size>0x7a</size>
         <input_file_ref idref="fl-10"/>
      </object_component>
      <object_component id="oc-4c">
         <name>.text</name>
         <load_address>0x4bd0</load_address>
         <run_address>0x4bd0</run_address>
         <size>0x7a</size>
         <input_file_ref idref="fl-143"/>
      </object_component>
      <object_component id="oc-5e">
         <name>.text</name>
         <load_address>0x4c4c</load_address>
         <run_address>0x4c4c</run_address>
         <size>0x6c</size>
         <input_file_ref idref="fl-151"/>
      </object_component>
      <object_component id="oc-3f">
         <name>.text</name>
         <load_address>0x4cb8</load_address>
         <run_address>0x4cb8</run_address>
         <size>0x6a</size>
         <input_file_ref idref="fl-13c"/>
      </object_component>
      <object_component id="oc-287">
         <name>.text</name>
         <load_address>0x4d22</load_address>
         <run_address>0x4d22</run_address>
         <size>0x66</size>
         <input_file_ref idref="fl-149"/>
      </object_component>
      <object_component id="oc-2cf">
         <name>.text:TimerConfigure</name>
         <load_address>0x4d88</load_address>
         <run_address>0x4d88</run_address>
         <size>0x60</size>
         <input_file_ref idref="fl-16"/>
      </object_component>
      <object_component id="oc-19a">
         <name>.text</name>
         <load_address>0x4de8</load_address>
         <run_address>0x4de8</run_address>
         <size>0x60</size>
         <input_file_ref idref="fl-146"/>
      </object_component>
      <object_component id="oc-1b8">
         <name>.text</name>
         <load_address>0x4e48</load_address>
         <run_address>0x4e48</run_address>
         <size>0x5c</size>
         <input_file_ref idref="fl-9"/>
      </object_component>
      <object_component id="oc-35e">
         <name>.text</name>
         <load_address>0x4ea4</load_address>
         <run_address>0x4ea4</run_address>
         <size>0x56</size>
         <input_file_ref idref="fl-15c"/>
      </object_component>
      <object_component id="oc-36a">
         <name>.text</name>
         <load_address>0x4efa</load_address>
         <run_address>0x4efa</run_address>
         <size>0x52</size>
         <input_file_ref idref="fl-15a"/>
      </object_component>
      <object_component id="oc-154">
         <name>.text:SysCtlPeripheralReset</name>
         <load_address>0x4f4c</load_address>
         <run_address>0x4f4c</run_address>
         <size>0x50</size>
         <input_file_ref idref="fl-15"/>
      </object_component>
      <object_component id="oc-24">
         <name>.text</name>
         <load_address>0x4f9c</load_address>
         <run_address>0x4f9c</run_address>
         <size>0x50</size>
         <input_file_ref idref="fl-13a"/>
      </object_component>
      <object_component id="oc-382">
         <name>.text</name>
         <load_address>0x4fec</load_address>
         <run_address>0x4fec</run_address>
         <size>0x4c</size>
         <input_file_ref idref="fl-150"/>
      </object_component>
      <object_component id="oc-95">
         <name>.text</name>
         <load_address>0x5038</load_address>
         <run_address>0x5038</run_address>
         <size>0x4c</size>
         <input_file_ref idref="fl-152"/>
      </object_component>
      <object_component id="oc-136">
         <name>.text:GPIOPinConfigure</name>
         <load_address>0x5084</load_address>
         <run_address>0x5084</run_address>
         <size>0x48</size>
         <input_file_ref idref="fl-11"/>
      </object_component>
      <object_component id="oc-166">
         <name>.text:I2CMasterInitExpClk</name>
         <load_address>0x50cc</load_address>
         <run_address>0x50cc</run_address>
         <size>0x48</size>
         <input_file_ref idref="fl-12"/>
      </object_component>
      <object_component id="oc-195">
         <name>.text</name>
         <load_address>0x5114</load_address>
         <run_address>0x5114</run_address>
         <size>0x48</size>
         <input_file_ref idref="fl-140"/>
      </object_component>
      <object_component id="oc-6a">
         <name>.text</name>
         <load_address>0x515c</load_address>
         <run_address>0x515c</run_address>
         <size>0x44</size>
         <input_file_ref idref="fl-13e"/>
      </object_component>
      <object_component id="oc-142">
         <name>.text:UARTConfigSetExpClk</name>
         <load_address>0x51a0</load_address>
         <run_address>0x51a0</run_address>
         <size>0x42</size>
         <input_file_ref idref="fl-17"/>
      </object_component>
      <object_component id="oc-3ea">
         <name>.text</name>
         <load_address>0x51e4</load_address>
         <run_address>0x51e4</run_address>
         <size>0x40</size>
         <input_file_ref idref="fl-15f"/>
      </object_component>
      <object_component id="oc-e7">
         <name>.text:ADCSequenceConfigure</name>
         <load_address>0x5224</load_address>
         <run_address>0x5224</run_address>
         <size>0x3e</size>
         <input_file_ref idref="fl-10"/>
      </object_component>
      <object_component id="oc-20d">
         <name>.text:SSIConfigSetExpClk</name>
         <load_address>0x5262</load_address>
         <run_address>0x5262</run_address>
         <size>0x3c</size>
         <input_file_ref idref="fl-14"/>
      </object_component>
      <object_component id="oc-3b7">
         <name>.text</name>
         <load_address>0x529e</load_address>
         <run_address>0x529e</run_address>
         <size>0x38</size>
         <input_file_ref idref="fl-167"/>
      </object_component>
      <object_component id="oc-c9">
         <name>.text:SysCtlPeripheralEnable</name>
         <load_address>0x52d8</load_address>
         <run_address>0x52d8</run_address>
         <size>0x34</size>
         <input_file_ref idref="fl-15"/>
      </object_component>
      <object_component id="oc-326">
         <name>.text</name>
         <load_address>0x530c</load_address>
         <run_address>0x530c</run_address>
         <size>0x34</size>
         <input_file_ref idref="fl-158"/>
      </object_component>
      <object_component id="oc-376">
         <name>.text</name>
         <load_address>0x5340</load_address>
         <run_address>0x5340</run_address>
         <size>0x30</size>
         <input_file_ref idref="fl-163"/>
      </object_component>
      <object_component id="oc-298">
         <name>.text</name>
         <load_address>0x5370</load_address>
         <run_address>0x5370</run_address>
         <size>0x30</size>
         <input_file_ref idref="fl-14b"/>
      </object_component>
      <object_component id="oc-11d">
         <name>.text:ADCIntStatus</name>
         <load_address>0x53a0</load_address>
         <run_address>0x53a0</run_address>
         <size>0x2e</size>
         <input_file_ref idref="fl-10"/>
      </object_component>
      <object_component id="oc-185">
         <name>.text</name>
         <load_address>0x53ce</load_address>
         <run_address>0x53ce</run_address>
         <size>0x2e</size>
         <input_file_ref idref="fl-141"/>
      </object_component>
      <object_component id="oc-3ab">
         <name>.text</name>
         <load_address>0x53fc</load_address>
         <run_address>0x53fc</run_address>
         <size>0x2e</size>
         <input_file_ref idref="fl-15e"/>
      </object_component>
      <object_component id="oc-1f3">
         <name>.text:GPIODirModeSet</name>
         <load_address>0x542a</load_address>
         <run_address>0x542a</run_address>
         <size>0x2a</size>
         <input_file_ref idref="fl-11"/>
      </object_component>
      <object_component id="oc-364">
         <name>.text</name>
         <load_address>0x5454</load_address>
         <run_address>0x5454</run_address>
         <size>0x2a</size>
         <input_file_ref idref="fl-159"/>
      </object_component>
      <object_component id="oc-123">
         <name>.text:ADCSequenceDataGet</name>
         <load_address>0x547e</load_address>
         <run_address>0x547e</run_address>
         <size>0x1e</size>
         <input_file_ref idref="fl-10"/>
      </object_component>
      <object_component id="oc-263">
         <name>.text:UARTDisable</name>
         <load_address>0x549c</load_address>
         <run_address>0x549c</run_address>
         <size>0x1c</size>
         <input_file_ref idref="fl-17"/>
      </object_component>
      <object_component id="oc-37c">
         <name>.text</name>
         <load_address>0x54b8</load_address>
         <run_address>0x54b8</run_address>
         <size>0x1c</size>
         <input_file_ref idref="fl-15d"/>
      </object_component>
      <object_component id="oc-2a3">
         <name>.text</name>
         <load_address>0x54d4</load_address>
         <run_address>0x54d4</run_address>
         <size>0x1a</size>
         <input_file_ref idref="fl-15b"/>
      </object_component>
      <object_component id="oc-117">
         <name>.text:ADCProcessorTrigger</name>
         <load_address>0x54ee</load_address>
         <run_address>0x54ee</run_address>
         <size>0x18</size>
         <input_file_ref idref="fl-10"/>
      </object_component>
      <object_component id="oc-db">
         <name>.text:GPIOPinTypeGPIOOutput</name>
         <load_address>0x5506</load_address>
         <run_address>0x5506</run_address>
         <size>0x18</size>
         <input_file_ref idref="fl-11"/>
      </object_component>
      <object_component id="oc-64">
         <name>.text</name>
         <load_address>0x5520</load_address>
         <run_address>0x5520</run_address>
         <size>0x18</size>
         <input_file_ref idref="fl-14f"/>
      </object_component>
      <object_component id="oc-27c">
         <name>.text:I2CMasterErr</name>
         <load_address>0x5538</load_address>
         <run_address>0x5538</run_address>
         <size>0x16</size>
         <input_file_ref idref="fl-12"/>
      </object_component>
      <object_component id="oc-370">
         <name>.text</name>
         <load_address>0x554e</load_address>
         <run_address>0x554e</run_address>
         <size>0x16</size>
         <input_file_ref idref="fl-160"/>
      </object_component>
      <object_component id="oc-14e">
         <name>.text:UARTEnable</name>
         <load_address>0x5564</load_address>
         <run_address>0x5564</run_address>
         <size>0x14</size>
         <input_file_ref idref="fl-17"/>
      </object_component>
      <object_component id="oc-1d8">
         <name>.text</name>
         <load_address>0x5578</load_address>
         <run_address>0x5578</run_address>
         <size>0x14</size>
         <input_file_ref idref="fl-14d"/>
      </object_component>
      <object_component id="oc-353">
         <name>.text</name>
         <load_address>0x558c</load_address>
         <run_address>0x558c</run_address>
         <size>0x14</size>
         <input_file_ref idref="fl-161"/>
      </object_component>
      <object_component id="oc-e1">
         <name>.text:GPIOPinTypeADC</name>
         <load_address>0x55a0</load_address>
         <run_address>0x55a0</run_address>
         <size>0x12</size>
         <input_file_ref idref="fl-11"/>
      </object_component>
      <object_component id="oc-d5">
         <name>.text:GPIOPinTypeGPIOInput</name>
         <load_address>0x55b2</load_address>
         <run_address>0x55b2</run_address>
         <size>0x12</size>
         <input_file_ref idref="fl-11"/>
      </object_component>
      <object_component id="oc-15a">
         <name>.text:GPIOPinTypeI2C</name>
         <load_address>0x55c4</load_address>
         <run_address>0x55c4</run_address>
         <size>0x12</size>
         <input_file_ref idref="fl-11"/>
      </object_component>
      <object_component id="oc-160">
         <name>.text:GPIOPinTypeI2CSCL</name>
         <load_address>0x55d6</load_address>
         <run_address>0x55d6</run_address>
         <size>0x12</size>
         <input_file_ref idref="fl-11"/>
      </object_component>
      <object_component id="oc-201">
         <name>.text:GPIOPinTypeSSI</name>
         <load_address>0x55e8</load_address>
         <run_address>0x55e8</run_address>
         <size>0x12</size>
         <input_file_ref idref="fl-11"/>
      </object_component>
      <object_component id="oc-130">
         <name>.text:GPIOPinTypeUART</name>
         <load_address>0x55fa</load_address>
         <run_address>0x55fa</run_address>
         <size>0x12</size>
         <input_file_ref idref="fl-11"/>
      </object_component>
      <object_component id="oc-f3">
         <name>.text:ADCSequenceEnable</name>
         <load_address>0x560c</load_address>
         <run_address>0x560c</run_address>
         <size>0xe</size>
         <input_file_ref idref="fl-10"/>
      </object_component>
      <object_component id="oc-2d5">
         <name>.text:TimerEnable</name>
         <load_address>0x561a</load_address>
         <run_address>0x561a</run_address>
         <size>0xe</size>
         <input_file_ref idref="fl-16"/>
      </object_component>
      <object_component id="oc-179">
         <name>.text:UARTCharGetNonBlocking</name>
         <load_address>0x5628</load_address>
         <run_address>0x5628</run_address>
         <size>0xe</size>
         <input_file_ref idref="fl-17"/>
      </object_component>
      <object_component id="oc-12">
         <name>.text:decompress:none</name>
         <load_address>0x5636</load_address>
         <run_address>0x5636</run_address>
         <size>0xe</size>
         <input_file_ref idref="fl-13b"/>
      </object_component>
      <object_component id="oc-225">
         <name>.text:SSIDataGet</name>
         <load_address>0x5644</load_address>
         <run_address>0x5644</run_address>
         <size>0xc</size>
         <input_file_ref idref="fl-14"/>
      </object_component>
      <object_component id="oc-173">
         <name>.text:UARTCharsAvail</name>
         <load_address>0x5650</load_address>
         <run_address>0x5650</run_address>
         <size>0xc</size>
         <input_file_ref idref="fl-17"/>
      </object_component>
      <object_component id="oc-148">
         <name>.text:UARTFlowControlSet</name>
         <load_address>0x565c</load_address>
         <run_address>0x565c</run_address>
         <size>0xc</size>
         <input_file_ref idref="fl-17"/>
      </object_component>
      <object_component id="oc-1e">
         <name>.text:decompress:ZI</name>
         <load_address>0x5668</load_address>
         <run_address>0x5668</run_address>
         <size>0xc</size>
         <input_file_ref idref="fl-13d"/>
      </object_component>
      <object_component id="oc-2a">
         <name>.text</name>
         <load_address>0x5674</load_address>
         <run_address>0x5674</run_address>
         <size>0xc</size>
         <input_file_ref idref="fl-3"/>
      </object_component>
      <object_component id="oc-270">
         <name>.text:I2CMasterEnable</name>
         <load_address>0x5680</load_address>
         <run_address>0x5680</run_address>
         <size>0xa</size>
         <input_file_ref idref="fl-12"/>
      </object_component>
      <object_component id="oc-21f">
         <name>.text:SSIDataPut</name>
         <load_address>0x568a</load_address>
         <run_address>0x568a</run_address>
         <size>0xa</size>
         <input_file_ref idref="fl-14"/>
      </object_component>
      <object_component id="oc-213">
         <name>.text:SSIEnable</name>
         <load_address>0x5694</load_address>
         <run_address>0x5694</run_address>
         <size>0xa</size>
         <input_file_ref idref="fl-14"/>
      </object_component>
      <object_component id="oc-2db">
         <name>.text:TimerValueGet</name>
         <load_address>0x569e</load_address>
         <run_address>0x569e</run_address>
         <size>0xa</size>
         <input_file_ref idref="fl-16"/>
      </object_component>
      <object_component id="oc-17f">
         <name>.text:UARTCharPut</name>
         <load_address>0x56a8</load_address>
         <run_address>0x56a8</run_address>
         <size>0xa</size>
         <input_file_ref idref="fl-17"/>
      </object_component>
      <object_component id="oc-1ca">
         <name>.text:I2CMasterBusBusy</name>
         <load_address>0x56b2</load_address>
         <run_address>0x56b2</run_address>
         <size>0x8</size>
         <input_file_ref idref="fl-12"/>
      </object_component>
      <object_component id="oc-1be">
         <name>.text:I2CMasterBusy</name>
         <load_address>0x56ba</load_address>
         <run_address>0x56ba</run_address>
         <size>0x8</size>
         <input_file_ref idref="fl-12"/>
      </object_component>
      <object_component id="oc-1a6">
         <name>.text:I2CMasterSlaveAddrSet</name>
         <load_address>0x56c2</load_address>
         <run_address>0x56c2</run_address>
         <size>0x8</size>
         <input_file_ref idref="fl-12"/>
      </object_component>
      <object_component id="oc-219">
         <name>.text:SSIBusy</name>
         <load_address>0x56ca</load_address>
         <run_address>0x56ca</run_address>
         <size>0x8</size>
         <input_file_ref idref="fl-14"/>
      </object_component>
      <object_component id="oc-ff">
         <name>.text:GPIOPinRead</name>
         <load_address>0x56d2</load_address>
         <run_address>0x56d2</run_address>
         <size>0x6</size>
         <input_file_ref idref="fl-11"/>
      </object_component>
      <object_component id="oc-111">
         <name>.text:GPIOPinWrite</name>
         <load_address>0x56d8</load_address>
         <run_address>0x56d8</run_address>
         <size>0x6</size>
         <input_file_ref idref="fl-11"/>
      </object_component>
      <object_component id="oc-207">
         <name>.text:SSIClockSourceSet</name>
         <load_address>0x56de</load_address>
         <run_address>0x56de</run_address>
         <size>0x6</size>
         <input_file_ref idref="fl-14"/>
      </object_component>
      <object_component id="oc-1ed">
         <name>.text:SysCtlDelay</name>
         <load_address>0x56e4</load_address>
         <run_address>0x56e4</run_address>
         <size>0x6</size>
         <input_file_ref idref="fl-15"/>
      </object_component>
      <object_component id="oc-18">
         <name>.text:decompress:rle24</name>
         <load_address>0x56ea</load_address>
         <run_address>0x56ea</run_address>
         <size>0x6</size>
         <input_file_ref idref="fl-13c"/>
      </object_component>
      <object_component id="oc-1b2">
         <name>.text:I2CMasterControl</name>
         <load_address>0x56f0</load_address>
         <run_address>0x56f0</run_address>
         <size>0x4</size>
         <input_file_ref idref="fl-12"/>
      </object_component>
      <object_component id="oc-1c4">
         <name>.text:I2CMasterDataGet</name>
         <load_address>0x56f4</load_address>
         <run_address>0x56f4</run_address>
         <size>0x4</size>
         <input_file_ref idref="fl-12"/>
      </object_component>
      <object_component id="oc-1ac">
         <name>.text:I2CMasterDataPut</name>
         <load_address>0x56f8</load_address>
         <run_address>0x56f8</run_address>
         <size>0x4</size>
         <input_file_ref idref="fl-12"/>
      </object_component>
      <object_component id="oc-58">
         <name>.text</name>
         <load_address>0x56fc</load_address>
         <run_address>0x56fc</run_address>
         <size>0x4</size>
         <input_file_ref idref="fl-145"/>
      </object_component>
      <object_component id="oc-230">
         <name>.const:.string:rgbOledFont0</name>
         <load_address>0x5700</load_address>
         <run_address>0x5700</run_address>
         <size>0x300</size>
         <input_file_ref idref="fl-4"/>
      </object_component>
      <object_component id="oc-3da">
         <name>.const:.string:_ctypes_</name>
         <load_address>0x5a00</load_address>
         <run_address>0x5a00</run_address>
         <size>0x101</size>
         <input_file_ref idref="fl-153"/>
      </object_component>
      <object_component id="oc-25b">
         <name>.const:g_pui32GPIOBaseAddrs</name>
         <load_address>0x5b04</load_address>
         <run_address>0x5b04</run_address>
         <size>0x90</size>
         <input_file_ref idref="fl-11"/>
      </object_component>
      <object_component id="oc-25f">
         <name>.const:g_pui32Xtals</name>
         <load_address>0x5b94</load_address>
         <run_address>0x5b94</run_address>
         <size>0x6c</size>
         <input_file_ref idref="fl-15"/>
      </object_component>
      <object_component id="oc-33f">
         <name>.const</name>
         <load_address>0x5c00</load_address>
         <run_address>0x5c00</run_address>
         <size>0x48</size>
         <input_file_ref idref="fl-14a"/>
      </object_component>
      <object_component id="oc-23d">
         <name>.const:.string:rgbFillPat</name>
         <load_address>0x5c48</load_address>
         <run_address>0x5c48</run_address>
         <size>0x40</size>
         <input_file_ref idref="fl-5"/>
      </object_component>
      <object_component id="oc-3bf">
         <name>.const:p</name>
         <load_address>0x5c88</load_address>
         <run_address>0x5c88</run_address>
         <size>0x38</size>
         <input_file_ref idref="fl-166"/>
      </object_component>
      <object_component id="oc-321">
         <name>.const</name>
         <load_address>0x5cc0</load_address>
         <run_address>0x5cc0</run_address>
         <size>0x30</size>
         <input_file_ref idref="fl-148"/>
      </object_component>
      <object_component id="oc-12d">
         <name>.const:.string</name>
         <load_address>0x5cf0</load_address>
         <run_address>0x5cf0</run_address>
         <size>0x2d</size>
         <input_file_ref idref="fl-2"/>
      </object_component>
      <object_component id="oc-44e">
         <name>.cinit..data.load</name>
         <load_address>0x5d20</load_address>
         <run_address>0x5d20</run_address>
         <size>0xcc</size>
      </object_component>
      <object_component id="oc-44c">
         <name>__TI_handler_table</name>
         <load_address>0x5dec</load_address>
         <run_address>0x5dec</run_address>
         <size>0xc</size>
      </object_component>
      <object_component id="oc-44f">
         <name>.cinit..bss.load</name>
         <load_address>0x5df8</load_address>
         <run_address>0x5df8</run_address>
         <size>0x8</size>
      </object_component>
      <object_component id="oc-44d">
         <name>__TI_cinit_table</name>
         <load_address>0x5e00</load_address>
         <run_address>0x5e00</run_address>
         <size>0x10</size>
      </object_component>
      <object_component id="oc-29">
         <name>.stack</name>
         <uninitialized>true</uninitialized>
         <run_address>0x20000580</run_address>
         <size>0x0</size>
         <input_file_ref idref="fl-13a"/>
      </object_component>
      <object_component id="oc-450">
         <name>.stack</name>
         <uninitialized>true</uninitialized>
         <run_address>0x20000580</run_address>
         <size>0x0</size>
      </object_component>
      <object_component id="oc-241">
         <name>.bss:rgbOledBmp</name>
         <uninitialized>true</uninitialized>
         <run_address>0x20000000</run_address>
         <size>0x200</size>
         <input_file_ref idref="fl-6"/>
      </object_component>
      <object_component id="oc-234">
         <name>.bss:rgbOledFontUser</name>
         <uninitialized>true</uninitialized>
         <run_address>0x20000200</run_address>
         <size>0x100</size>
         <input_file_ref idref="fl-7"/>
      </object_component>
      <object_component id="oc-129">
         <name>.common:chSwtCur</name>
         <uninitialized>true</uninitialized>
         <run_address>0x20000344</run_address>
         <size>0x1</size>
      </object_component>
      <object_component id="oc-12c">
         <name>.common:chSwtPrev</name>
         <uninitialized>true</uninitialized>
         <run_address>0x20000345</run_address>
         <size>0x1</size>
      </object_component>
      <object_component id="oc-172">
         <name>.common:fClearOled</name>
         <uninitialized>true</uninitialized>
         <run_address>0x20000347</run_address>
         <size>0x1</size>
      </object_component>
      <object_component id="oc-246">
         <name>.common:xcoOledCur</name>
         <uninitialized>true</uninitialized>
         <run_address>0x20000334</run_address>
         <size>0x4</size>
      </object_component>
      <object_component id="oc-247">
         <name>.common:ycoOledCur</name>
         <uninitialized>true</uninitialized>
         <run_address>0x20000340</run_address>
         <size>0x4</size>
      </object_component>
      <object_component id="oc-248">
         <name>.common:pbOledCur</name>
         <uninitialized>true</uninitialized>
         <run_address>0x20000314</run_address>
         <size>0x4</size>
      </object_component>
      <object_component id="oc-249">
         <name>.common:bnOledCur</name>
         <uninitialized>true</uninitialized>
         <run_address>0x20000300</run_address>
         <size>0x4</size>
      </object_component>
      <object_component id="oc-23b">
         <name>.common:clrOledCur</name>
         <uninitialized>true</uninitialized>
         <run_address>0x20000346</run_address>
         <size>0x1</size>
      </object_component>
      <object_component id="oc-23c">
         <name>.common:pbOledPatCur</name>
         <uninitialized>true</uninitialized>
         <run_address>0x20000320</run_address>
         <size>0x4</size>
      </object_component>
      <object_component id="oc-240">
         <name>.common:fOledCharUpdate</name>
         <uninitialized>true</uninitialized>
         <run_address>0x2000030c</run_address>
         <size>0x4</size>
      </object_component>
      <object_component id="oc-22b">
         <name>.common:dxcoOledFontCur</name>
         <uninitialized>true</uninitialized>
         <run_address>0x20000304</run_address>
         <size>0x4</size>
      </object_component>
      <object_component id="oc-22e">
         <name>.common:dycoOledFontCur</name>
         <uninitialized>true</uninitialized>
         <run_address>0x20000308</run_address>
         <size>0x4</size>
      </object_component>
      <object_component id="oc-22f">
         <name>.common:pbOledFontCur</name>
         <uninitialized>true</uninitialized>
         <run_address>0x20000318</run_address>
         <size>0x4</size>
      </object_component>
      <object_component id="oc-233">
         <name>.common:pbOledFontUser</name>
         <uninitialized>true</uninitialized>
         <run_address>0x2000031c</run_address>
         <size>0x4</size>
      </object_component>
      <object_component id="oc-24f">
         <name>.common:xchOledCur</name>
         <uninitialized>true</uninitialized>
         <run_address>0x2000032c</run_address>
         <size>0x4</size>
      </object_component>
      <object_component id="oc-250">
         <name>.common:ychOledCur</name>
         <uninitialized>true</uninitialized>
         <run_address>0x20000338</run_address>
         <size>0x4</size>
      </object_component>
      <object_component id="oc-237">
         <name>.common:xchOledMax</name>
         <uninitialized>true</uninitialized>
         <run_address>0x20000330</run_address>
         <size>0x4</size>
      </object_component>
      <object_component id="oc-23a">
         <name>.common:ychOledMax</name>
         <uninitialized>true</uninitialized>
         <run_address>0x2000033c</run_address>
         <size>0x4</size>
      </object_component>
      <object_component id="oc-24d">
         <name>.common:pfnDoRop</name>
         <uninitialized>true</uninitialized>
         <run_address>0x20000324</run_address>
         <size>0x4</size>
      </object_component>
      <object_component id="oc-24a">
         <name>.common:modOledCur</name>
         <uninitialized>true</uninitialized>
         <run_address>0x20000310</run_address>
         <size>0x4</size>
      </object_component>
      <object_component id="oc-278">
         <name>.common:rgbfNotEmpty</name>
         <uninitialized>true</uninitialized>
         <run_address>0x20000328</run_address>
         <size>0x4</size>
      </object_component>
      <object_component id="oc-27b">
         <name>.common:fReadNec</name>
         <uninitialized>true</uninitialized>
         <run_address>0x20000348</run_address>
         <size>0x1</size>
      </object_component>
      <object_component id="oc-1a0">
         <name>.data</name>
         <load_address>0x200004e8</load_address>
         <run_address>0x200004e8</run_address>
         <size>0x48</size>
         <input_file_ref idref="fl-2"/>
      </object_component>
      <object_component id="oc-1a3">
         <name>.data:rgBMPRocket</name>
         <load_address>0x20000530</load_address>
         <run_address>0x20000530</run_address>
         <size>0x30</size>
         <input_file_ref idref="fl-2"/>
      </object_component>
      <object_component id="oc-a8">
         <name>.data</name>
         <load_address>0x20000568</load_address>
         <run_address>0x20000568</run_address>
         <size>0x8</size>
         <input_file_ref idref="fl-13e"/>
      </object_component>
      <object_component id="oc-70">
         <name>.data</name>
         <load_address>0x2000057c</load_address>
         <run_address>0x2000057c</run_address>
         <size>0x4</size>
         <input_file_ref idref="fl-147"/>
      </object_component>
      <object_component id="oc-2b4">
         <name>.data</name>
         <load_address>0x20000400</load_address>
         <run_address>0x20000400</run_address>
         <size>0x80</size>
         <input_file_ref idref="fl-14c"/>
      </object_component>
      <object_component id="oc-a5">
         <name>.data</name>
         <load_address>0x20000560</load_address>
         <run_address>0x20000560</run_address>
         <size>0x8</size>
         <input_file_ref idref="fl-14d"/>
      </object_component>
      <object_component id="oc-32c">
         <name>.data</name>
         <load_address>0x20000578</load_address>
         <run_address>0x20000578</run_address>
         <size>0x4</size>
         <input_file_ref idref="fl-154"/>
      </object_component>
      <object_component id="oc-3b1">
         <name>.data</name>
         <load_address>0x20000570</load_address>
         <run_address>0x20000570</run_address>
         <size>0x8</size>
         <input_file_ref idref="fl-158"/>
      </object_component>
      <object_component id="oc-417">
         <name>.data:sigtable</name>
         <load_address>0x20000350</load_address>
         <run_address>0x20000350</run_address>
         <size>0xb0</size>
         <input_file_ref idref="fl-15f"/>
      </object_component>
      <object_component id="oc-3bc">
         <name>.data</name>
         <load_address>0x20000480</load_address>
         <run_address>0x20000480</run_address>
         <size>0x68</size>
         <input_file_ref idref="fl-168"/>
      </object_component>
      <object_component id="oc-12a">
         <name>.debug_info</name>
         <load_address>0x0</load_address>
         <run_address>0x0</run_address>
         <size>0xe00</size>
         <input_file_ref idref="fl-2"/>
      </object_component>
      <object_component id="oc-1a1">
         <name>.debug_info</name>
         <load_address>0xe00</load_address>
         <run_address>0xe00</run_address>
         <size>0x287</size>
         <input_file_ref idref="fl-2"/>
      </object_component>
      <object_component id="oc-1a4">
         <name>.debug_info</name>
         <load_address>0x1087</load_address>
         <run_address>0x1087</run_address>
         <size>0xe9</size>
         <input_file_ref idref="fl-2"/>
      </object_component>
      <object_component id="oc-12e">
         <name>.debug_info</name>
         <load_address>0x1170</load_address>
         <run_address>0x1170</run_address>
         <size>0x17c</size>
         <input_file_ref idref="fl-2"/>
      </object_component>
      <object_component id="oc-9e">
         <name>.debug_info</name>
         <load_address>0x12ec</load_address>
         <run_address>0x12ec</run_address>
         <size>0x1c39</size>
         <input_file_ref idref="fl-2"/>
      </object_component>
      <object_component id="oc-b0">
         <name>.debug_info</name>
         <load_address>0x2f25</load_address>
         <run_address>0x2f25</run_address>
         <size>0x8b</size>
         <input_file_ref idref="fl-2"/>
      </object_component>
      <object_component id="oc-7c">
         <name>.debug_info</name>
         <load_address>0x2fb0</load_address>
         <run_address>0x2fb0</run_address>
         <size>0x18b</size>
         <input_file_ref idref="fl-2"/>
      </object_component>
      <object_component id="oc-2c3">
         <name>.debug_info</name>
         <load_address>0x313b</load_address>
         <run_address>0x313b</run_address>
         <size>0x4e</size>
         <input_file_ref idref="fl-2"/>
      </object_component>
      <object_component id="oc-32">
         <name>.debug_info</name>
         <load_address>0x3189</load_address>
         <run_address>0x3189</run_address>
         <size>0x11a</size>
         <input_file_ref idref="fl-3"/>
      </object_component>
      <object_component id="oc-10">
         <name>.debug_info</name>
         <load_address>0x32a3</load_address>
         <run_address>0x32a3</run_address>
         <size>0xff</size>
         <input_file_ref idref="fl-3"/>
      </object_component>
      <object_component id="oc-2b">
         <name>.debug_info</name>
         <load_address>0x33a2</load_address>
         <run_address>0x33a2</run_address>
         <size>0x27b</size>
         <input_file_ref idref="fl-3"/>
      </object_component>
      <object_component id="oc-77">
         <name>.debug_info</name>
         <load_address>0x361d</load_address>
         <run_address>0x361d</run_address>
         <size>0x84</size>
         <input_file_ref idref="fl-3"/>
      </object_component>
      <object_component id="oc-300">
         <name>.debug_info</name>
         <load_address>0x36a1</load_address>
         <run_address>0x36a1</run_address>
         <size>0xeb</size>
         <input_file_ref idref="fl-4"/>
      </object_component>
      <object_component id="oc-231">
         <name>.debug_info</name>
         <load_address>0x378c</load_address>
         <run_address>0x378c</run_address>
         <size>0xf9</size>
         <input_file_ref idref="fl-4"/>
      </object_component>
      <object_component id="oc-307">
         <name>.debug_info</name>
         <load_address>0x3885</load_address>
         <run_address>0x3885</run_address>
         <size>0xe8</size>
         <input_file_ref idref="fl-5"/>
      </object_component>
      <object_component id="oc-23e">
         <name>.debug_info</name>
         <load_address>0x396d</load_address>
         <run_address>0x396d</run_address>
         <size>0xf4</size>
         <input_file_ref idref="fl-5"/>
      </object_component>
      <object_component id="oc-22c">
         <name>.debug_info</name>
         <load_address>0x3a61</load_address>
         <run_address>0x3a61</run_address>
         <size>0x6f7</size>
         <input_file_ref idref="fl-6"/>
      </object_component>
      <object_component id="oc-242">
         <name>.debug_info</name>
         <load_address>0x4158</load_address>
         <run_address>0x4158</run_address>
         <size>0xf6</size>
         <input_file_ref idref="fl-6"/>
      </object_component>
      <object_component id="oc-fa">
         <name>.debug_info</name>
         <load_address>0x424e</load_address>
         <run_address>0x424e</run_address>
         <size>0xae4</size>
         <input_file_ref idref="fl-6"/>
      </object_component>
      <object_component id="oc-238">
         <name>.debug_info</name>
         <load_address>0x4d32</load_address>
         <run_address>0x4d32</run_address>
         <size>0x36a</size>
         <input_file_ref idref="fl-7"/>
      </object_component>
      <object_component id="oc-235">
         <name>.debug_info</name>
         <load_address>0x509c</load_address>
         <run_address>0x509c</run_address>
         <size>0x104</size>
         <input_file_ref idref="fl-7"/>
      </object_component>
      <object_component id="oc-10c">
         <name>.debug_info</name>
         <load_address>0x51a0</load_address>
         <run_address>0x51a0</run_address>
         <size>0x7b7</size>
         <input_file_ref idref="fl-7"/>
      </object_component>
      <object_component id="oc-24b">
         <name>.debug_info</name>
         <load_address>0x5957</load_address>
         <run_address>0x5957</run_address>
         <size>0x38c</size>
         <input_file_ref idref="fl-8"/>
      </object_component>
      <object_component id="oc-106">
         <name>.debug_info</name>
         <load_address>0x5ce3</load_address>
         <run_address>0x5ce3</run_address>
         <size>0x1ae6</size>
         <input_file_ref idref="fl-8"/>
      </object_component>
      <object_component id="oc-1b9">
         <name>.debug_info</name>
         <load_address>0x77c9</load_address>
         <run_address>0x77c9</run_address>
         <size>0x20e</size>
         <input_file_ref idref="fl-9"/>
      </object_component>
      <object_component id="oc-279">
         <name>.debug_info</name>
         <load_address>0x79d7</load_address>
         <run_address>0x79d7</run_address>
         <size>0x36d</size>
         <input_file_ref idref="fl-a"/>
      </object_component>
      <object_component id="oc-16d">
         <name>.debug_info</name>
         <load_address>0x7d44</load_address>
         <run_address>0x7d44</run_address>
         <size>0xba0</size>
         <input_file_ref idref="fl-a"/>
      </object_component>
      <object_component id="oc-1fd">
         <name>.debug_info</name>
         <load_address>0x88e4</load_address>
         <run_address>0x88e4</run_address>
         <size>0x23d</size>
         <input_file_ref idref="fl-10"/>
      </object_component>
      <object_component id="oc-ef">
         <name>.debug_info</name>
         <load_address>0x8b21</load_address>
         <run_address>0x8b21</run_address>
         <size>0x333</size>
         <input_file_ref idref="fl-10"/>
      </object_component>
      <object_component id="oc-f5">
         <name>.debug_info</name>
         <load_address>0x8e54</load_address>
         <run_address>0x8e54</run_address>
         <size>0x2a0</size>
         <input_file_ref idref="fl-10"/>
      </object_component>
      <object_component id="oc-125">
         <name>.debug_info</name>
         <load_address>0x90f4</load_address>
         <run_address>0x90f4</run_address>
         <size>0x2ff</size>
         <input_file_ref idref="fl-10"/>
      </object_component>
      <object_component id="oc-e9">
         <name>.debug_info</name>
         <load_address>0x93f3</load_address>
         <run_address>0x93f3</run_address>
         <size>0x326</size>
         <input_file_ref idref="fl-10"/>
      </object_component>
      <object_component id="oc-119">
         <name>.debug_info</name>
         <load_address>0x9719</load_address>
         <run_address>0x9719</run_address>
         <size>0x2a4</size>
         <input_file_ref idref="fl-10"/>
      </object_component>
      <object_component id="oc-11f">
         <name>.debug_info</name>
         <load_address>0x99bd</load_address>
         <run_address>0x99bd</run_address>
         <size>0x2e7</size>
         <input_file_ref idref="fl-10"/>
      </object_component>
      <object_component id="oc-1f2">
         <name>.debug_info</name>
         <load_address>0x9ca4</load_address>
         <run_address>0x9ca4</run_address>
         <size>0x230</size>
         <input_file_ref idref="fl-11"/>
      </object_component>
      <object_component id="oc-25c">
         <name>.debug_info</name>
         <load_address>0x9ed4</load_address>
         <run_address>0x9ed4</run_address>
         <size>0x15b</size>
         <input_file_ref idref="fl-11"/>
      </object_component>
      <object_component id="oc-112">
         <name>.debug_info</name>
         <load_address>0xa02f</load_address>
         <run_address>0xa02f</run_address>
         <size>0x2a3</size>
         <input_file_ref idref="fl-11"/>
      </object_component>
      <object_component id="oc-1f4">
         <name>.debug_info</name>
         <load_address>0xa2d2</load_address>
         <run_address>0xa2d2</run_address>
         <size>0x2b3</size>
         <input_file_ref idref="fl-11"/>
      </object_component>
      <object_component id="oc-d0">
         <name>.debug_info</name>
         <load_address>0xa585</load_address>
         <run_address>0xa585</run_address>
         <size>0x316</size>
         <input_file_ref idref="fl-11"/>
      </object_component>
      <object_component id="oc-131">
         <name>.debug_info</name>
         <load_address>0xa89b</load_address>
         <run_address>0xa89b</run_address>
         <size>0x2ab</size>
         <input_file_ref idref="fl-11"/>
      </object_component>
      <object_component id="oc-202">
         <name>.debug_info</name>
         <load_address>0xab46</load_address>
         <run_address>0xab46</run_address>
         <size>0x2a9</size>
         <input_file_ref idref="fl-11"/>
      </object_component>
      <object_component id="oc-161">
         <name>.debug_info</name>
         <load_address>0xadef</load_address>
         <run_address>0xadef</run_address>
         <size>0x2af</size>
         <input_file_ref idref="fl-11"/>
      </object_component>
      <object_component id="oc-15b">
         <name>.debug_info</name>
         <load_address>0xb09e</load_address>
         <run_address>0xb09e</run_address>
         <size>0x2a9</size>
         <input_file_ref idref="fl-11"/>
      </object_component>
      <object_component id="oc-dc">
         <name>.debug_info</name>
         <load_address>0xb347</load_address>
         <run_address>0xb347</run_address>
         <size>0x2b7</size>
         <input_file_ref idref="fl-11"/>
      </object_component>
      <object_component id="oc-d6">
         <name>.debug_info</name>
         <load_address>0xb5fe</load_address>
         <run_address>0xb5fe</run_address>
         <size>0x2b5</size>
         <input_file_ref idref="fl-11"/>
      </object_component>
      <object_component id="oc-e2">
         <name>.debug_info</name>
         <load_address>0xb8b3</load_address>
         <run_address>0xb8b3</run_address>
         <size>0x2a9</size>
         <input_file_ref idref="fl-11"/>
      </object_component>
      <object_component id="oc-100">
         <name>.debug_info</name>
         <load_address>0xbb5c</load_address>
         <run_address>0xbb5c</run_address>
         <size>0x27b</size>
         <input_file_ref idref="fl-11"/>
      </object_component>
      <object_component id="oc-137">
         <name>.debug_info</name>
         <load_address>0xbdd7</load_address>
         <run_address>0xbdd7</run_address>
         <size>0x280</size>
         <input_file_ref idref="fl-11"/>
      </object_component>
      <object_component id="oc-277">
         <name>.debug_info</name>
         <load_address>0xc057</load_address>
         <run_address>0xc057</run_address>
         <size>0x231</size>
         <input_file_ref idref="fl-12"/>
      </object_component>
      <object_component id="oc-1a7">
         <name>.debug_info</name>
         <load_address>0xc288</load_address>
         <run_address>0xc288</run_address>
         <size>0x2ce</size>
         <input_file_ref idref="fl-12"/>
      </object_component>
      <object_component id="oc-271">
         <name>.debug_info</name>
         <load_address>0xc556</load_address>
         <run_address>0xc556</run_address>
         <size>0x24e</size>
         <input_file_ref idref="fl-12"/>
      </object_component>
      <object_component id="oc-167">
         <name>.debug_info</name>
         <load_address>0xc7a4</load_address>
         <run_address>0xc7a4</run_address>
         <size>0x2e8</size>
         <input_file_ref idref="fl-12"/>
      </object_component>
      <object_component id="oc-27d">
         <name>.debug_info</name>
         <load_address>0xca8c</load_address>
         <run_address>0xca8c</run_address>
         <size>0x269</size>
         <input_file_ref idref="fl-12"/>
      </object_component>
      <object_component id="oc-1ad">
         <name>.debug_info</name>
         <load_address>0xccf5</load_address>
         <run_address>0xccf5</run_address>
         <size>0x27e</size>
         <input_file_ref idref="fl-12"/>
      </object_component>
      <object_component id="oc-1c5">
         <name>.debug_info</name>
         <load_address>0xcf73</load_address>
         <run_address>0xcf73</run_address>
         <size>0x254</size>
         <input_file_ref idref="fl-12"/>
      </object_component>
      <object_component id="oc-1b3">
         <name>.debug_info</name>
         <load_address>0xd1c7</load_address>
         <run_address>0xd1c7</run_address>
         <size>0x27e</size>
         <input_file_ref idref="fl-12"/>
      </object_component>
      <object_component id="oc-1bf">
         <name>.debug_info</name>
         <load_address>0xd445</load_address>
         <run_address>0xd445</run_address>
         <size>0x24e</size>
         <input_file_ref idref="fl-12"/>
      </object_component>
      <object_component id="oc-1cb">
         <name>.debug_info</name>
         <load_address>0xd693</load_address>
         <run_address>0xd693</run_address>
         <size>0x254</size>
         <input_file_ref idref="fl-12"/>
      </object_component>
      <object_component id="oc-2f6">
         <name>.debug_info</name>
         <load_address>0xd8e7</load_address>
         <run_address>0xd8e7</run_address>
         <size>0x21c</size>
         <input_file_ref idref="fl-14"/>
      </object_component>
      <object_component id="oc-215">
         <name>.debug_info</name>
         <load_address>0xdb03</load_address>
         <run_address>0xdb03</run_address>
         <size>0x242</size>
         <input_file_ref idref="fl-14"/>
      </object_component>
      <object_component id="oc-220">
         <name>.debug_info</name>
         <load_address>0xdd45</load_address>
         <run_address>0xdd45</run_address>
         <size>0x276</size>
         <input_file_ref idref="fl-14"/>
      </object_component>
      <object_component id="oc-226">
         <name>.debug_info</name>
         <load_address>0xdfbb</load_address>
         <run_address>0xdfbb</run_address>
         <size>0x27a</size>
         <input_file_ref idref="fl-14"/>
      </object_component>
      <object_component id="oc-20e">
         <name>.debug_info</name>
         <load_address>0xe235</load_address>
         <run_address>0xe235</run_address>
         <size>0x3d9</size>
         <input_file_ref idref="fl-14"/>
      </object_component>
      <object_component id="oc-208">
         <name>.debug_info</name>
         <load_address>0xe60e</load_address>
         <run_address>0xe60e</run_address>
         <size>0x28c</size>
         <input_file_ref idref="fl-14"/>
      </object_component>
      <object_component id="oc-21a">
         <name>.debug_info</name>
         <load_address>0xe89a</load_address>
         <run_address>0xe89a</run_address>
         <size>0x242</size>
         <input_file_ref idref="fl-14"/>
      </object_component>
      <object_component id="oc-1ef">
         <name>.debug_info</name>
         <load_address>0xeadc</load_address>
         <run_address>0xeadc</run_address>
         <size>0x27f</size>
         <input_file_ref idref="fl-15"/>
      </object_component>
      <object_component id="oc-260">
         <name>.debug_info</name>
         <load_address>0xed5b</load_address>
         <run_address>0xed5b</run_address>
         <size>0x14d</size>
         <input_file_ref idref="fl-15"/>
      </object_component>
      <object_component id="oc-156">
         <name>.debug_info</name>
         <load_address>0xeea8</load_address>
         <run_address>0xeea8</run_address>
         <size>0x295</size>
         <input_file_ref idref="fl-15"/>
      </object_component>
      <object_component id="oc-cb">
         <name>.debug_info</name>
         <load_address>0xf13d</load_address>
         <run_address>0xf13d</run_address>
         <size>0x27d</size>
         <input_file_ref idref="fl-15"/>
      </object_component>
      <object_component id="oc-c4">
         <name>.debug_info</name>
         <load_address>0xf3ba</load_address>
         <run_address>0xf3ba</run_address>
         <size>0x2db</size>
         <input_file_ref idref="fl-15"/>
      </object_component>
      <object_component id="oc-13d">
         <name>.debug_info</name>
         <load_address>0xf695</load_address>
         <run_address>0xf695</run_address>
         <size>0x2b5</size>
         <input_file_ref idref="fl-15"/>
      </object_component>
      <object_component id="oc-2ea">
         <name>.debug_info</name>
         <load_address>0xf94a</load_address>
         <run_address>0xf94a</run_address>
         <size>0x5f</size>
         <input_file_ref idref="fl-15"/>
      </object_component>
      <object_component id="oc-39c">
         <name>.debug_info</name>
         <load_address>0xf9a9</load_address>
         <run_address>0xf9a9</run_address>
         <size>0x228</size>
         <input_file_ref idref="fl-16"/>
      </object_component>
      <object_component id="oc-2dc">
         <name>.debug_info</name>
         <load_address>0xfbd1</load_address>
         <run_address>0xfbd1</run_address>
         <size>0x28a</size>
         <input_file_ref idref="fl-16"/>
      </object_component>
      <object_component id="oc-2d6">
         <name>.debug_info</name>
         <load_address>0xfe5b</load_address>
         <run_address>0xfe5b</run_address>
         <size>0x27f</size>
         <input_file_ref idref="fl-16"/>
      </object_component>
      <object_component id="oc-2d0">
         <name>.debug_info</name>
         <load_address>0x100da</load_address>
         <run_address>0x100da</run_address>
         <size>0x28c</size>
         <input_file_ref idref="fl-16"/>
      </object_component>
      <object_component id="oc-26a">
         <name>.debug_info</name>
         <load_address>0x10366</load_address>
         <run_address>0x10366</run_address>
         <size>0x227</size>
         <input_file_ref idref="fl-17"/>
      </object_component>
      <object_component id="oc-149">
         <name>.debug_info</name>
         <load_address>0x1058d</load_address>
         <run_address>0x1058d</run_address>
         <size>0x289</size>
         <input_file_ref idref="fl-17"/>
      </object_component>
      <object_component id="oc-14f">
         <name>.debug_info</name>
         <load_address>0x10816</load_address>
         <run_address>0x10816</run_address>
         <size>0x247</size>
         <input_file_ref idref="fl-17"/>
      </object_component>
      <object_component id="oc-264">
         <name>.debug_info</name>
         <load_address>0x10a5d</load_address>
         <run_address>0x10a5d</run_address>
         <size>0x249</size>
         <input_file_ref idref="fl-17"/>
      </object_component>
      <object_component id="oc-143">
         <name>.debug_info</name>
         <load_address>0x10ca6</load_address>
         <run_address>0x10ca6</run_address>
         <size>0x326</size>
         <input_file_ref idref="fl-17"/>
      </object_component>
      <object_component id="oc-174">
         <name>.debug_info</name>
         <load_address>0x10fcc</load_address>
         <run_address>0x10fcc</run_address>
         <size>0x253</size>
         <input_file_ref idref="fl-17"/>
      </object_component>
      <object_component id="oc-180">
         <name>.debug_info</name>
         <load_address>0x1121f</load_address>
         <run_address>0x1121f</run_address>
         <size>0x273</size>
         <input_file_ref idref="fl-17"/>
      </object_component>
      <object_component id="oc-17a">
         <name>.debug_info</name>
         <load_address>0x11492</load_address>
         <run_address>0x11492</run_address>
         <size>0x263</size>
         <input_file_ref idref="fl-17"/>
      </object_component>
      <object_component id="oc-26">
         <name>.debug_info</name>
         <load_address>0x116f5</load_address>
         <run_address>0x116f5</run_address>
         <size>0x134</size>
         <input_file_ref idref="fl-13a"/>
      </object_component>
      <object_component id="oc-3e">
         <name>.debug_info</name>
         <load_address>0x11829</load_address>
         <run_address>0x11829</run_address>
         <size>0x121</size>
         <input_file_ref idref="fl-13b"/>
      </object_component>
      <object_component id="oc-13">
         <name>.debug_info</name>
         <load_address>0x1194a</load_address>
         <run_address>0x1194a</run_address>
         <size>0x1c0</size>
         <input_file_ref idref="fl-13b"/>
      </object_component>
      <object_component id="oc-39">
         <name>.debug_info</name>
         <load_address>0x11b0a</load_address>
         <run_address>0x11b0a</run_address>
         <size>0x46</size>
         <input_file_ref idref="fl-13b"/>
      </object_component>
      <object_component id="oc-82">
         <name>.debug_info</name>
         <load_address>0x11b50</load_address>
         <run_address>0x11b50</run_address>
         <size>0x2c</size>
         <input_file_ref idref="fl-13b"/>
      </object_component>
      <object_component id="oc-46">
         <name>.debug_info</name>
         <load_address>0x11b7c</load_address>
         <run_address>0x11b7c</run_address>
         <size>0x115</size>
         <input_file_ref idref="fl-13c"/>
      </object_component>
      <object_component id="oc-40">
         <name>.debug_info</name>
         <load_address>0x11c91</load_address>
         <run_address>0x11c91</run_address>
         <size>0x228</size>
         <input_file_ref idref="fl-13c"/>
      </object_component>
      <object_component id="oc-19">
         <name>.debug_info</name>
         <load_address>0x11eb9</load_address>
         <run_address>0x11eb9</run_address>
         <size>0x192</size>
         <input_file_ref idref="fl-13c"/>
      </object_component>
      <object_component id="oc-47">
         <name>.debug_info</name>
         <load_address>0x1204b</load_address>
         <run_address>0x1204b</run_address>
         <size>0x39</size>
         <input_file_ref idref="fl-13c"/>
      </object_component>
      <object_component id="oc-8c">
         <name>.debug_info</name>
         <load_address>0x12084</load_address>
         <run_address>0x12084</run_address>
         <size>0x2c</size>
         <input_file_ref idref="fl-13c"/>
      </object_component>
      <object_component id="oc-57">
         <name>.debug_info</name>
         <load_address>0x120b0</load_address>
         <run_address>0x120b0</run_address>
         <size>0x110</size>
         <input_file_ref idref="fl-13d"/>
      </object_component>
      <object_component id="oc-22">
         <name>.debug_info</name>
         <load_address>0x121c0</load_address>
         <run_address>0x121c0</run_address>
         <size>0x18b</size>
         <input_file_ref idref="fl-13d"/>
      </object_component>
      <object_component id="oc-52">
         <name>.debug_info</name>
         <load_address>0x1234b</load_address>
         <run_address>0x1234b</run_address>
         <size>0x46</size>
         <input_file_ref idref="fl-13d"/>
      </object_component>
      <object_component id="oc-ac">
         <name>.debug_info</name>
         <load_address>0x12391</load_address>
         <run_address>0x12391</run_address>
         <size>0x172</size>
         <input_file_ref idref="fl-13e"/>
      </object_component>
      <object_component id="oc-a9">
         <name>.debug_info</name>
         <load_address>0x12503</load_address>
         <run_address>0x12503</run_address>
         <size>0x117</size>
         <input_file_ref idref="fl-13e"/>
      </object_component>
      <object_component id="oc-6b">
         <name>.debug_info</name>
         <load_address>0x1261a</load_address>
         <run_address>0x1261a</run_address>
         <size>0x1ee</size>
         <input_file_ref idref="fl-13e"/>
      </object_component>
      <object_component id="oc-192">
         <name>.debug_info</name>
         <load_address>0x12808</load_address>
         <run_address>0x12808</run_address>
         <size>0x129</size>
         <input_file_ref idref="fl-13f"/>
      </object_component>
      <object_component id="oc-196">
         <name>.debug_info</name>
         <load_address>0x12931</load_address>
         <run_address>0x12931</run_address>
         <size>0x10b</size>
         <input_file_ref idref="fl-140"/>
      </object_component>
      <object_component id="oc-186">
         <name>.debug_info</name>
         <load_address>0x12a3c</load_address>
         <run_address>0x12a3c</run_address>
         <size>0x109</size>
         <input_file_ref idref="fl-141"/>
      </object_component>
      <object_component id="oc-34">
         <name>.debug_info</name>
         <load_address>0x12b45</load_address>
         <run_address>0x12b45</run_address>
         <size>0xf6</size>
         <input_file_ref idref="fl-142"/>
      </object_component>
      <object_component id="oc-4d">
         <name>.debug_info</name>
         <load_address>0x12c3b</load_address>
         <run_address>0x12c3b</run_address>
         <size>0x124</size>
         <input_file_ref idref="fl-143"/>
      </object_component>
      <object_component id="oc-2b8">
         <name>.debug_info</name>
         <load_address>0x12d5f</load_address>
         <run_address>0x12d5f</run_address>
         <size>0x1d3</size>
         <input_file_ref idref="fl-144"/>
      </object_component>
      <object_component id="oc-18b">
         <name>.debug_info</name>
         <load_address>0x12f32</load_address>
         <run_address>0x12f32</run_address>
         <size>0x563</size>
         <input_file_ref idref="fl-144"/>
      </object_component>
      <object_component id="oc-347">
         <name>.debug_info</name>
         <load_address>0x13495</load_address>
         <run_address>0x13495</run_address>
         <size>0x86</size>
         <input_file_ref idref="fl-144"/>
      </object_component>
      <object_component id="oc-59">
         <name>.debug_info</name>
         <load_address>0x1351b</load_address>
         <run_address>0x1351b</run_address>
         <size>0x129</size>
         <input_file_ref idref="fl-145"/>
      </object_component>
      <object_component id="oc-2c2">
         <name>.debug_info</name>
         <load_address>0x13644</load_address>
         <run_address>0x13644</run_address>
         <size>0x19c</size>
[...]
      </symbol>
      <symbol id="sm-3d7">
         <name>GPIOPinTypeI2C</name>
         <value>0x55c5</value>
         <object_component_ref idref="oc-15a"/>
      </symbol>
      <symbol id="sm-3d8">
         <name>GPIOPinTypeADC</name>
         <value>0x55a1</value>
         <object_component_ref idref="oc-e1"/>
      </symbol>
      <symbol id="sm-3d9">
         <name>GPIOPinTypeGPIOInput</name>
         <value>0x55b3</value>
         <object_component_ref idref="oc-d5"/>
      </symbol>
      <symbol id="sm-3da">
         <name>GPIOPinTypeUART</name>
         <value>0x55fb</value>
         <object_component_ref idref="oc-130"/>
      </symbol>
      <symbol id="sm-3db">
         <name>GPIOPinTypeGPIOOutput</name>
         <value>0x5507</value>
         <object_component_ref idref="oc-db"/>
      </symbol>
      <symbol id="sm-3dc">
         <name>GPIOPinRead</name>
         <value>0x56d3</value>
         <object_component_ref idref="oc-ff"/>
      </symbol>
      <symbol id="sm-3dd">
         <name>GPIODirModeSet</name>
         <value>0x542b</value>
         <object_component_ref idref="oc-1f3"/>
      </symbol>
      <symbol id="sm-3de">
         <name>GPIOPinWrite</name>
         <value>0x56d9</value>
         <object_component_ref idref="oc-111"/>
      </symbol>
      <symbol id="sm-3df">
         <name>GPIOPadConfigSet</name>
         <value>0x42f9</value>
         <object_component_ref idref="oc-cf"/>
      </symbol>
      <symbol id="sm-3e0">
         <name>GPIOPinTypeSSI</name>
         <value>0x55e9</value>
         <object_component_ref idref="oc-201"/>
      </symbol>
      <symbol id="sm-434">
         <name>I2CMasterBusBusy</name>
         <value>0x56b3</value>
         <object_component_ref idref="oc-1ca"/>
      </symbol>
      <symbol id="sm-435">
         <name>I2CMasterDataPut</name>
         <value>0x56f9</value>
         <object_component_ref idref="oc-1ac"/>
      </symbol>
      <symbol id="sm-436">
         <name>I2CMasterInitExpClk</name>
         <value>0x50cd</value>
         <object_component_ref idref="oc-166"/>
      </symbol>
      <symbol id="sm-437">
         <name>I2CMasterSlaveAddrSet</name>
         <value>0x56c3</value>
         <object_component_ref idref="oc-1a6"/>
      </symbol>
      <symbol id="sm-438">
         <name>I2CMasterDataGet</name>
         <value>0x56f5</value>
         <object_component_ref idref="oc-1c4"/>
      </symbol>
      <symbol id="sm-439">
         <name>I2CMasterErr</name>
         <value>0x5539</value>
         <object_component_ref idref="oc-27c"/>
      </symbol>
      <symbol id="sm-43a">
         <name>I2CMasterControl</name>
         <value>0x56f1</value>
         <object_component_ref idref="oc-1b2"/>
      </symbol>
      <symbol id="sm-43b">
         <name>I2CMasterBusy</name>
         <value>0x56bb</value>
         <object_component_ref idref="oc-1be"/>
      </symbol>
      <symbol id="sm-43c">
         <name>I2CMasterEnable</name>
         <value>0x5681</value>
         <object_component_ref idref="oc-270"/>
      </symbol>
      <symbol id="sm-475">
         <name>SSIDataPut</name>
         <value>0x568b</value>
         <object_component_ref idref="oc-21f"/>
      </symbol>
      <symbol id="sm-476">
         <name>SSIDataGet</name>
         <value>0x5645</value>
         <object_component_ref idref="oc-225"/>
      </symbol>
      <symbol id="sm-477">
         <name>SSIConfigSetExpClk</name>
         <value>0x5263</value>
         <object_component_ref idref="oc-20d"/>
      </symbol>
      <symbol id="sm-478">
         <name>SSIEnable</name>
         <value>0x5695</value>
         <object_component_ref idref="oc-213"/>
      </symbol>
      <symbol id="sm-479">
         <name>SSIClockSourceSet</name>
         <value>0x56df</value>
         <object_component_ref idref="oc-207"/>
      </symbol>
      <symbol id="sm-47a">
         <name>SSIBusy</name>
         <value>0x56cb</value>
         <object_component_ref idref="oc-219"/>
      </symbol>
      <symbol id="sm-4d7">
         <name>SysCtlClockSet</name>
         <value>0x4741</value>
         <object_component_ref idref="oc-c3"/>
      </symbol>
      <symbol id="sm-4d8">
         <name>SysCtlDelay</name>
         <value>0x56e5</value>
         <object_component_ref idref="oc-1ed"/>
      </symbol>
      <symbol id="sm-4d9">
         <name>SysCtlPeripheralEnable</name>
         <value>0x52d9</value>
         <object_component_ref idref="oc-c9"/>
      </symbol>
      <symbol id="sm-4da">
         <name>SysCtlClockGet</name>
         <value>0x4539</value>
         <object_component_ref idref="oc-13c"/>
      </symbol>
      <symbol id="sm-4db">
         <name>SysCtlPeripheralReset</name>
         <value>0x4f4d</value>
         <object_component_ref idref="oc-154"/>
      </symbol>
      <symbol id="sm-4ff">
         <name>TimerEnable</name>
         <value>0x561b</value>
         <object_component_ref idref="oc-2d5"/>
      </symbol>
      <symbol id="sm-500">
         <name>TimerValueGet</name>
         <value>0x569f</value>
         <object_component_ref idref="oc-2db"/>
      </symbol>
      <symbol id="sm-501">
         <name>TimerConfigure</name>
         <value>0x4d89</value>
         <object_component_ref idref="oc-2cf"/>
      </symbol>
      <symbol id="sm-543">
         <name>UARTFlowControlSet</name>
         <value>0x565d</value>
         <object_component_ref idref="oc-148"/>
      </symbol>
      <symbol id="sm-544">
         <name>UARTConfigSetExpClk</name>
         <value>0x51a1</value>
         <object_component_ref idref="oc-142"/>
      </symbol>
      <symbol id="sm-545">
         <name>UARTDisable</name>
         <value>0x549d</value>
         <object_component_ref idref="oc-263"/>
      </symbol>
      <symbol id="sm-546">
         <name>UARTCharsAvail</name>
         <value>0x5651</value>
         <object_component_ref idref="oc-173"/>
      </symbol>
      <symbol id="sm-547">
         <name>UARTCharGetNonBlocking</name>
         <value>0x5629</value>
         <object_component_ref idref="oc-179"/>
      </symbol>
      <symbol id="sm-548">
         <name>UARTCharPut</name>
         <value>0x56a9</value>
         <object_component_ref idref="oc-17f"/>
      </symbol>
      <symbol id="sm-549">
         <name>UARTEnable</name>
         <value>0x5565</value>
         <object_component_ref idref="oc-14e"/>
      </symbol>
      <symbol id="sm-55c">
         <name>_c_int00</name>
         <value>0x4f9d</value>
         <object_component_ref idref="oc-24"/>
      </symbol>
      <symbol id="sm-55d">
         <name>__stack</name>
         <value>0x20000580</value>
         <object_component_ref idref="oc-29"/>
      </symbol>
      <symbol id="sm-574">
         <name>__TI_decompress_none</name>
         <value>0x5637</value>
         <object_component_ref idref="oc-12"/>
      </symbol>
      <symbol id="sm-59c">
         <name>__TI_decompress_rle24</name>
         <value>0x56eb</value>
         <object_component_ref idref="oc-18"/>
      </symbol>
      <symbol id="sm-5ae">
         <name>__TI_zero_init</name>
         <value>0x5669</value>
         <object_component_ref idref="oc-1e"/>
      </symbol>
      <symbol id="sm-5cd">
         <name>C$$EXIT</name>
         <value>0x515d</value>
         <object_component_ref idref="oc-6a"/>
      </symbol>
      <symbol id="sm-5ce">
         <name>abort</name>
         <value>0x5161</value>
         <object_component_ref idref="oc-6a"/>
      </symbol>
      <symbol id="sm-5cf">
         <name>exit</name>
         <value>0x5169</value>
         <object_component_ref idref="oc-6a"/>
      </symbol>
      <symbol id="sm-5d0">
         <name>__TI_dtors_ptr</name>
         <value>0x2000056c</value>
         <object_component_ref idref="oc-a8"/>
      </symbol>
      <symbol id="sm-5d1">
         <name>__TI_cleanup_ptr</name>
         <value>0x20000568</value>
         <object_component_ref idref="oc-a8"/>
      </symbol>
      <symbol id="sm-5f5">
         <name>__aeabi_dsub</name>
         <value>0x400d</value>
         <object_component_ref idref="oc-190"/>
      </symbol>
      <symbol id="sm-5f6">
         <name>__aeabi_dadd</name>
         <value>0x4017</value>
         <object_component_ref idref="oc-190"/>
      </symbol>
      <symbol id="sm-604">
         <name>__aeabi_d2iz</name>
         <value>0x5115</value>
         <object_component_ref idref="oc-195"/>
      </symbol>
      <symbol id="sm-610">
         <name>__aeabi_i2d</name>
         <value>0x53cf</value>
         <object_component_ref idref="oc-185"/>
      </symbol>
      <symbol id="sm-62b">
         <name>memcpy</name>
         <value>0x49af</value>
         <object_component_ref idref="oc-33"/>
      </symbol>
      <symbol id="sm-62c">
         <name>__aeabi_memcpy</name>
         <value>0x49af</value>
         <object_component_ref idref="oc-33"/>
      </symbol>
      <symbol id="sm-62d">
         <name>__aeabi_memcpy8</name>
         <value>0x49af</value>
         <object_component_ref idref="oc-33"/>
      </symbol>
      <symbol id="sm-62e">
         <name>__aeabi_memcpy4</name>
         <value>0x49af</value>
         <object_component_ref idref="oc-33"/>
      </symbol>
      <symbol id="sm-63d">
         <name>__aeabi_memset</name>
         <value>0x4bd3</value>
         <object_component_ref idref="oc-4c"/>
      </symbol>
      <symbol id="sm-63e">
         <name>memset</name>
         <value>0x4bd9</value>
         <object_component_ref idref="oc-4c"/>
      </symbol>
      <symbol id="sm-63f">
         <name>__aeabi_memset8</name>
         <value>0x4bd3</value>
         <object_component_ref idref="oc-4c"/>
      </symbol>
      <symbol id="sm-640">
         <name>__aeabi_memset4</name>
         <value>0x4bd3</value>
         <object_component_ref idref="oc-4c"/>
      </symbol>
      <symbol id="sm-641">
         <name>__aeabi_memclr8</name>
         <value>0x4bd1</value>
         <object_component_ref idref="oc-4c"/>
      </symbol>
      <symbol id="sm-642">
         <name>__aeabi_memclr4</name>
         <value>0x4bd1</value>
         <object_component_ref idref="oc-4c"/>
      </symbol>
      <symbol id="sm-643">
         <name>__aeabi_memclr</name>
         <value>0x4bd1</value>
         <object_component_ref idref="oc-4c"/>
      </symbol>
      <symbol id="sm-698">
         <name>pow</name>
         <value>0x2f15</value>
         <object_component_ref idref="oc-18a"/>
      </symbol>
      <symbol id="sm-6a2">
         <name>_system_pre_init</name>
         <value>0x56fd</value>
         <object_component_ref idref="oc-58"/>
      </symbol>
      <symbol id="sm-6bb">
         <name>sprintf</name>
         <value>0x4de9</value>
         <object_component_ref idref="oc-19a"/>
      </symbol>
      <symbol id="sm-6c3">
         <name>main_func_sp</name>
         <value>0x2000057c</value>
         <object_component_ref idref="oc-70"/>
      </symbol>
      <symbol id="sm-6e2">
         <name>_Dint</name>
         <value>0x4831</value>
         <object_component_ref idref="oc-28d"/>
      </symbol>
      <symbol id="sm-6f6">
         <name>_Dunscale</name>
         <value>0x4d23</value>
         <object_component_ref idref="oc-287"/>
      </symbol>
      <symbol id="sm-72a">
         <name>_Exp</name>
         <value>0x3c1d</value>
         <object_component_ref idref="oc-2ae"/>
      </symbol>
      <symbol id="sm-739">
         <name>_Feraise</name>
         <value>0x5371</value>
         <object_component_ref idref="oc-298"/>
      </symbol>
      <symbol id="sm-749">
         <name>_Rteps</name>
         <value>0x20000460</value>
         <object_component_ref idref="oc-2b4"/>
      </symbol>
      <symbol id="sm-74a">
         <name>_Zero</name>
         <value>0x20000478</value>
         <object_component_ref idref="oc-2b4"/>
      </symbol>
      <symbol id="sm-74b">
         <name>_Hugeval</name>
         <value>0x20000420</value>
         <object_component_ref idref="oc-2b4"/>
      </symbol>
      <symbol id="sm-74c">
         <name>_Snan</name>
         <value>0x20000450</value>
         <object_component_ref idref="oc-2b4"/>
      </symbol>
      <symbol id="sm-74d">
         <name>_Nan</name>
         <value>0x20000440</value>
         <object_component_ref idref="oc-2b4"/>
      </symbol>
      <symbol id="sm-74e">
         <name>_Inf</name>
         <value>0x20000430</value>
         <object_component_ref idref="oc-2b4"/>
      </symbol>
      <symbol id="sm-74f">
         <name>_Xbig</name>
         <value>0x20000470</value>
         <object_component_ref idref="oc-2b4"/>
      </symbol>
      <symbol id="sm-750">
         <name>_Eps</name>
         <value>0x20000410</value>
         <object_component_ref idref="oc-2b4"/>
      </symbol>
      <symbol id="sm-751">
         <name>_Denorm</name>
         <value>0x20000400</value>
         <object_component_ref idref="oc-2b4"/>
      </symbol>
      <symbol id="sm-76a">
         <name>_nop</name>
         <value>0x5587</value>
         <object_component_ref idref="oc-1d8"/>
      </symbol>
      <symbol id="sm-76b">
         <name>_lock</name>
         <value>0x20000560</value>
         <object_component_ref idref="oc-a5"/>
      </symbol>
      <symbol id="sm-76c">
         <name>_unlock</name>
         <value>0x20000564</value>
         <object_component_ref idref="oc-a5"/>
      </symbol>
      <symbol id="sm-76d">
         <name>_register_lock</name>
         <value>0x557f</value>
         <object_component_ref idref="oc-1d8"/>
      </symbol>
      <symbol id="sm-76e">
         <name>_register_unlock</name>
         <value>0x5579</value>
         <object_component_ref idref="oc-1d8"/>
      </symbol>
      <symbol id="sm-873">
         <name>__TI_printfi</name>
         <value>0x1021</value>
         <object_component_ref idref="oc-2bb"/>
      </symbol>
      <symbol id="sm-888">
         <name>_args_main</name>
         <value>0x5521</value>
         <object_component_ref idref="oc-64"/>
      </symbol>
      <symbol id="sm-89e">
         <name>atoi</name>
         <value>0x4fed</value>
         <object_component_ref idref="oc-382"/>
      </symbol>
      <symbol id="sm-8c4">
         <name>__TI_auto_init</name>
         <value>0x4c4d</value>
         <object_component_ref idref="oc-5e"/>
      </symbol>
      <symbol id="sm-8de">
         <name>copy_in</name>
         <value>0x5039</value>
         <object_component_ref idref="oc-95"/>
      </symbol>
      <symbol id="sm-8e9">
         <name>_ctypes_</name>
         <value>0x5a00</value>
         <object_component_ref idref="oc-3da"/>
      </symbol>
      <symbol id="sm-8f1">
         <name>_Errno</name>
         <value>0x20000578</value>
         <object_component_ref idref="oc-32c"/>
      </symbol>
      <symbol id="sm-918">
         <name>__aeabi_cdcmpeq</name>
         <value>0x4a4b</value>
         <object_component_ref idref="oc-293"/>
      </symbol>
      <symbol id="sm-919">
         <name>__aeabi_cdcmple</name>
         <value>0x4a4b</value>
         <object_component_ref idref="oc-293"/>
      </symbol>
      <symbol id="sm-91a">
         <name>__aeabi_cdrcmple</name>
         <value>0x4ad1</value>
         <object_component_ref idref="oc-359"/>
      </symbol>
      <symbol id="sm-93a">
         <name>__aeabi_ddiv</name>
         <value>0x41c3</value>
         <object_component_ref idref="oc-2a9"/>
      </symbol>
      <symbol id="sm-951">
         <name>__aeabi_dmul</name>
         <value>0x4645</value>
         <object_component_ref idref="oc-29e"/>
      </symbol>
      <symbol id="sm-96f">
         <name>feraiseexcept</name>
         <value>0x530d</value>
         <object_component_ref idref="oc-326"/>
      </symbol>
      <symbol id="sm-970">
         <name>_Tls_setup__Fenv</name>
         <value>0x20000574</value>
         <object_component_ref idref="oc-3b1"/>
      </symbol>
      <symbol id="sm-971">
         <name>_Fenv</name>
         <value>0x20000570</value>
         <object_component_ref idref="oc-3b1"/>
      </symbol>
      <symbol id="sm-97e">
         <name>frexp</name>
         <value>0x5455</value>
         <object_component_ref idref="oc-364"/>
      </symbol>
      <symbol id="sm-98f">
         <name>ldexp</name>
         <value>0x4efb</value>
         <object_component_ref idref="oc-36a"/>
      </symbol>
      <symbol id="sm-999">
         <name>log</name>
         <value>0x54d5</value>
         <object_component_ref idref="oc-2a3"/>
      </symbol>
      <symbol id="sm-9a8">
         <name>ltoa</name>
         <value>0x4ea5</value>
         <object_component_ref idref="oc-35e"/>
      </symbol>
      <symbol id="sm-9b8">
         <name>memccpy</name>
         <value>0x54b9</value>
         <object_component_ref idref="oc-37c"/>
      </symbol>
      <symbol id="sm-9cc">
         <name>raise</name>
         <value>0x53fd</value>
         <object_component_ref idref="oc-3ab"/>
      </symbol>
      <symbol id="sm-9e6">
         <name>signal</name>
         <value>0x51e5</value>
         <object_component_ref idref="oc-3ea"/>
      </symbol>
      <symbol id="sm-9f6">
         <name>strchr</name>
         <value>0x554f</value>
         <object_component_ref idref="oc-370"/>
      </symbol>
      <symbol id="sm-a04">
         <name>strlen</name>
         <value>0x558d</value>
         <object_component_ref idref="oc-353"/>
      </symbol>
      <symbol id="sm-a2e">
         <name>__aeabi_uldivmod</name>
         <value>0x3e19</value>
         <object_component_ref idref="oc-34e"/>
      </symbol>
      <symbol id="sm-a3c">
         <name>_Dclass</name>
         <value>0x5341</value>
         <object_component_ref idref="oc-376"/>
      </symbol>
      <symbol id="sm-a51">
         <name>_Dnorm</name>
         <value>0x48f1</value>
         <object_component_ref idref="oc-319"/>
      </symbol>
      <symbol id="sm-a6d">
         <name>_Dscale</name>
         <value>0x4429</value>
         <object_component_ref idref="oc-339"/>
      </symbol>
      <symbol id="sm-a9d">
         <name>_Log</name>
         <value>0x372d</value>
         <object_component_ref idref="oc-331"/>
      </symbol>
      <symbol id="sm-aab">
         <name>__aeabi_f2d</name>
         <value>0x529f</value>
         <object_component_ref idref="oc-3b7"/>
      </symbol>
      <symbol id="sm-aba">
         <name>_FZero</name>
         <value>0x200004e4</value>
         <object_component_ref idref="oc-3bc"/>
      </symbol>
      <symbol id="sm-abb">
         <name>_FRteps</name>
         <value>0x200004d0</value>
         <object_component_ref idref="oc-3bc"/>
      </symbol>
      <symbol id="sm-abc">
         <name>_FSnan</name>
         <value>0x200004c0</value>
         <object_component_ref idref="oc-3bc"/>
      </symbol>
      <symbol id="sm-abd">
         <name>_FNan</name>
         <value>0x200004b0</value>
         <object_component_ref idref="oc-3bc"/>
      </symbol>
      <symbol id="sm-abe">
         <name>_FInf</name>
         <value>0x200004a0</value>
         <object_component_ref idref="oc-3bc"/>
      </symbol>
      <symbol id="sm-abf">
         <name>_FEps</name>
         <value>0x20000490</value>
         <object_component_ref idref="oc-3bc"/>
      </symbol>
      <symbol id="sm-ac0">
         <name>_FXbig</name>
         <value>0x200004e0</value>
         <object_component_ref idref="oc-3bc"/>
      </symbol>
      <symbol id="sm-ac1">
         <name>_FDenorm</name>
         <value>0x20000480</value>
         <object_component_ref idref="oc-3bc"/>
      </symbol>
      <symbol id="sm-ac2">
         <name>__TI_static_base__</name>
         <value>0x0</value>
      </symbol>
      <symbol id="sm-ac5">
         <name>SHT$$INIT_ARRAY$$Limit</name>
         <value>0x0</value>
      </symbol>
      <symbol id="sm-ac6">
         <name>SHT$$INIT_ARRAY$$Base</name>
         <value>0x0</value>
      </symbol>
   </symbol_table>
   <title>Link successful</title>
</link_info>
